../Core/Src/main.c:131:6:timer_callback	32	static
../Core/Src/main.c:180:6:subscription_callback_interface	24	static
../Core/Src/main.c:189:6:StartDefaultTask	224	static
../Core/Src/main.c:261:5:main	8	static
../Core/Src/main.c:321:6:SystemClock_Config	88	static
../Core/Src/main.c:364:6:setup_io	32	static
../Core/Src/main.c:375:10:read_encoder_data	32	static
../Core/Src/main.c:395:6:move_brush_manual	8	static
../Core/Src/main.c:404:6:move_brush_auto	4	static
../Core/Src/main.c:409:6:spin_brush	8	static
../Core/Src/main.c:413:6:pump_water	8	static
../Core/Src/main.c:449:6:HAL_TIM_PeriodElapsedCallback	16	static
../Core/Src/main.c:469:6:Error_Handler	4	static,ignoring_inline_asm
