14:47:24 **** Incremental Build of configuration Debug for project cleaner_uros ****
make -j12 all 
echo "1" | sudo -S docker pull microros/micro_ros_static_library_builder:humble && echo "1" | sudo -S docker run --rm -v /home/b/cleaner_ws/firmware/cleaner_uros:/project --env MICROROS_LIBRARY_FOLDER=micro_ros_stm32cubemx_utils/microros_static_library_ide microros/micro_ros_static_library_builder:humble
humble: Pulling from microros/micro_ros_static_library_builder
Digest: sha256:4bceb86200fcfa7a09b6ad122269d57c2707f9bb82c135854ff381413b5a4c51
Status: Image is up to date for microros/micro_ros_static_library_builder:humble
docker.io/microros/micro_ros_static_library_builder:humble
[sudo] password for b: dos2unix: converting file /project/micro_ros_stm32cubemx_utils/microros_static_library_ide/library_generation/library_generation.sh to Unix format...
micro-ROS library found. Skipping...
Delete micro_ros_stm32cubemx_utils/microros_static_library_ide/libmicroros/ for rebuild.
 
arm-none-eabi-size  cleaner_uros.elf 
   text	   data	    bss	    dec	    hex	filename
 115180	    736	  46368	 162284	  279ec	cleaner_uros.elf
Finished building: default.size.stdout
 

14:47:27 Build Finished. 0 errors, 0 warnings. (took 3s.187ms)

