15:22:15 **** Incremental Build of configuration Debug for project cleaner_uros ****
make -j12 all 
echo "1" | sudo -S docker pull microros/micro_ros_static_library_builder:humble && echo "1" | sudo -S docker run --rm -v /home/b/cleaner_ws/firmware/cleaner_uros:/project --env MICROROS_LIBRARY_FOLDER=micro_ros_stm32cubemx_utils/microros_static_library_ide microros/micro_ros_static_library_builder:humble
humble: Pulling from microros/micro_ros_static_library_builder
Digest: sha256:4bceb86200fcfa7a09b6ad122269d57c2707f9bb82c135854ff381413b5a4c51
Status: Image is up to date for microros/micro_ros_static_library_builder:humble
docker.io/microros/micro_ros_static_library_builder:humble
[sudo] password for b: dos2unix: converting file /project/micro_ros_stm32cubemx_utils/microros_static_library_ide/library_generation/library_generation.sh to Unix format...
micro-ROS library found. Skipping...
Delete micro_ros_stm32cubemx_utils/microros_static_library_ide/libmicroros/ for rebuild.
 
arm-none-eabi-gcc "../Core/Src/main.c" -mcpu=cortex-m4 -std=gnu11 -g3 -DDEBUG -DUSE_HAL_DRIVER -DSTM32G474xx -c -I../Core/Inc -I../micro_ros_stm32cubemx_utils/microros_static_library_ide/libmicroros/include -I../Drivers/STM32G4xx_HAL_Driver/Inc -I../Drivers/STM32G4xx_HAL_Driver/Inc/Legacy -I../Drivers/CMSIS/Device/ST/STM32G4xx/Include -I../Drivers/CMSIS/Include -I../Middlewares/Third_Party/FreeRTOS/Source/include -I../Middlewares/Third_Party/FreeRTOS/Source/CMSIS_RTOS_V2 -I../Middlewares/Third_Party/FreeRTOS/Source/portable/GCC/ARM_CM4F -I../Middlewares/Third_Party/ARM_CMSIS/CMSIS/Core/Include/ -I../Middlewares/Third_Party/ARM_CMSIS/PrivateInclude/ -I../Middlewares/Third_Party/ARM_CMSIS/Include/ -I../Middlewares/Third_Party/ARM_CMSIS/Include -I"/home/b/cleaner_ws/firmware/cleaner_uros/Source/BasicMathFunctions" -I"/home/b/cleaner_ws/firmware/cleaner_uros/Source/BayesFunctions" -I"/home/b/cleaner_ws/firmware/cleaner_uros/Source/CommonTables" -I"/home/b/cleaner_ws/firmware/cleaner_uros/Source/ComplexMathFunctions" -I"/home/b/cleaner_ws/firmware/cleaner_uros/Source/ControllerFunctions" -I"/home/b/cleaner_ws/firmware/cleaner_uros/Source/DistanceFunctions" -I"/home/b/cleaner_ws/firmware/cleaner_uros/Source/FastMathFunctions" -I"/home/b/cleaner_ws/firmware/cleaner_uros/Source/FilteringFunctions" -I"/home/b/cleaner_ws/firmware/cleaner_uros/Source/InterpolationFunctions" -I"/home/b/cleaner_ws/firmware/cleaner_uros/Source/MatrixFunctions" -I"/home/b/cleaner_ws/firmware/cleaner_uros/Source/QuaternionMathFunctions" -I"/home/b/cleaner_ws/firmware/cleaner_uros/Source/StatisticsFunctions" -I"/home/b/cleaner_ws/firmware/cleaner_uros/Source/SupportFunctions" -I"/home/b/cleaner_ws/firmware/cleaner_uros/Source/SVMFunctions" -I"/home/b/cleaner_ws/firmware/cleaner_uros/Source/TransformFunctions" -I"/home/b/cleaner_ws/firmware/cleaner_uros/Source/WindowFunctions" -O0 -ffunction-sections -fdata-sections -Wall -fstack-usage -fcyclomatic-complexity -MMD -MP -MF"Core/Src/main.d" -MT"Core/Src/main.o" --specs=nano.specs -mfpu=fpv4-sp-d16 -mfloat-abi=hard -mthumb -o "Core/Src/main.o"
In file included from ../Core/Src/main.c:47:
../Core/Inc/config.h:58: warning: "MOTOR3_TIM_CH" redefined
   58 | #define MOTOR3_TIM_CH TIM_CHANNEL_4
      | 
../Core/Inc/config.h:50: note: this is the location of the previous definition
   50 | #define MOTOR3_TIM_CH TIM_CHANNEL_3
      | 
../Core/Src/main.c: In function 'read_encoder_data':
../Core/Src/main.c:451:1: warning: control reaches end of non-void function [-Wreturn-type]
  451 | }
      | ^
arm-none-eabi-gcc -o "cleaner_uros.elf" @"objects.list"  -lmicroros -mcpu=cortex-m4 -T"/home/b/cleaner_ws/firmware/cleaner_uros/STM32G474RETX_FLASH.ld" --specs=nosys.specs -Wl,-Map="cleaner_uros.map" -Wl,--gc-sections -static -L../micro_ros_stm32cubemx_utils/microros_static_library_ide/libmicroros --specs=nano.specs -mfpu=fpv4-sp-d16 -mfloat-abi=hard -mthumb -Wl,--start-group -lc -lm -Wl,--end-group
/opt/st/stm32cubeide_1.18.0/plugins/com.st.stm32cube.ide.mcu.externaltools.gnu-tools-for-stm32.13.3.rel1.linux64_1.0.0.202410170706/tools/bin/../lib/gcc/arm-none-eabi/13.3.1/../../../../arm-none-eabi/bin/ld: /opt/st/stm32cubeide_1.18.0/plugins/com.st.stm32cube.ide.mcu.externaltools.gnu-tools-for-stm32.13.3.rel1.linux64_1.0.0.202410170706/tools/bin/../lib/gcc/arm-none-eabi/13.3.1/../../../../arm-none-eabi/lib/thumb/v7e-m+fp/hard/libc_nano.a(libc_a-gettimeofdayr.o): in function `_gettimeofday_r':
(.text._gettimeofday_r+0xe): warning: _gettimeofday is not implemented and will always fail
/opt/st/stm32cubeide_1.18.0/plugins/com.st.stm32cube.ide.mcu.externaltools.gnu-tools-for-stm32.13.3.rel1.linux64_1.0.0.202410170706/tools/bin/../lib/gcc/arm-none-eabi/13.3.1/../../../../arm-none-eabi/bin/ld: /opt/st/stm32cubeide_1.18.0/plugins/com.st.stm32cube.ide.mcu.externaltools.gnu-tools-for-stm32.13.3.rel1.linux64_1.0.0.202410170706/tools/bin/../lib/gcc/arm-none-eabi/13.3.1/../../../../arm-none-eabi/lib/thumb/v7e-m+fp/hard/libc_nano.a(libc_a-gettimeofdayr.o): note: the message above does not take linker garbage collection into account
Finished building target: cleaner_uros.elf
 
arm-none-eabi-size  cleaner_uros.elf 
arm-none-eabi-objdump -h -S cleaner_uros.elf  > "cleaner_uros.list"
   text	   data	    bss	    dec	    hex	filename
 118456	    868	  46520	 165844	  287d4	cleaner_uros.elf
Finished building: default.size.stdout
 
Finished building: cleaner_uros.list
 

15:22:19 Build Failed. 1 errors, 3 warnings. (took 3s.628ms)

