17:44:11 **** Incremental Build of configuration Debug for project cleaner_uros ****
make -j12 all 
echo "1" | sudo -S docker pull microros/micro_ros_static_library_builder:humble && echo "1" | sudo -S docker run --rm -v /home/b/cleaner_ws/firmware/cleaner_uros:/project --env MICROROS_LIBRARY_FOLDER=micro_ros_stm32cubemx_utils/microros_static_library_ide microros/micro_ros_static_library_builder:humble
humble: Pulling from microros/micro_ros_static_library_builder
Digest: sha256:4bceb86200fcfa7a09b6ad122269d57c2707f9bb82c135854ff381413b5a4c51
Status: Image is up to date for microros/micro_ros_static_library_builder:humble
docker.io/microros/micro_ros_static_library_builder:humble
[sudo] password for b: dos2unix: converting file /project/micro_ros_stm32cubemx_utils/microros_static_library_ide/library_generation/library_generation.sh to Unix format...
micro-ROS library found. Skipping...
Delete micro_ros_stm32cubemx_utils/microros_static_library_ide/libmicroros/ for rebuild.
 
arm-none-eabi-gcc "../Core/Src/config.c" -mcpu=cortex-m4 -std=gnu11 -g3 -DDEBUG -DUSE_HAL_DRIVER -DSTM32G474xx -c -I../Core/Inc -I../micro_ros_stm32cubemx_utils/microros_static_library_ide/libmicroros/include -I../Drivers/STM32G4xx_HAL_Driver/Inc -I../Drivers/STM32G4xx_HAL_Driver/Inc/Legacy -I../Drivers/CMSIS/Device/ST/STM32G4xx/Include -I../Drivers/CMSIS/Include -I../Middlewares/Third_Party/FreeRTOS/Source/include -I../Middlewares/Third_Party/FreeRTOS/Source/CMSIS_RTOS_V2 -I../Middlewares/Third_Party/FreeRTOS/Source/portable/GCC/ARM_CM4F -I../Middlewares/Third_Party/ARM_CMSIS/CMSIS/Core/Include/ -I../Middlewares/Third_Party/ARM_CMSIS/PrivateInclude/ -I../Middlewares/Third_Party/ARM_CMSIS/Include/ -I../Middlewares/Third_Party/ARM_CMSIS/Include -I"/home/b/cleaner_ws/firmware/cleaner_uros/Source/BasicMathFunctions" -I"/home/b/cleaner_ws/firmware/cleaner_uros/Source/BayesFunctions" -I"/home/b/cleaner_ws/firmware/cleaner_uros/Source/CommonTables" -I"/home/b/cleaner_ws/firmware/cleaner_uros/Source/ComplexMathFunctions" -I"/home/b/cleaner_ws/firmware/cleaner_uros/Source/ControllerFunctions" -I"/home/b/cleaner_ws/firmware/cleaner_uros/Source/DistanceFunctions" -I"/home/b/cleaner_ws/firmware/cleaner_uros/Source/FastMathFunctions" -I"/home/b/cleaner_ws/firmware/cleaner_uros/Source/FilteringFunctions" -I"/home/b/cleaner_ws/firmware/cleaner_uros/Source/InterpolationFunctions" -I"/home/b/cleaner_ws/firmware/cleaner_uros/Source/MatrixFunctions" -I"/home/b/cleaner_ws/firmware/cleaner_uros/Source/QuaternionMathFunctions" -I"/home/b/cleaner_ws/firmware/cleaner_uros/Source/StatisticsFunctions" -I"/home/b/cleaner_ws/firmware/cleaner_uros/Source/SupportFunctions" -I"/home/b/cleaner_ws/firmware/cleaner_uros/Source/SVMFunctions" -I"/home/b/cleaner_ws/firmware/cleaner_uros/Source/TransformFunctions" -I"/home/b/cleaner_ws/firmware/cleaner_uros/Source/WindowFunctions" -O0 -ffunction-sections -fdata-sections -Wall -fstack-usage -fcyclomatic-complexity -MMD -MP -MF"Core/Src/config.d" -MT"Core/Src/config.o" --specs=nano.specs -mfpu=fpv4-sp-d16 -mfloat-abi=hard -mthumb -o "Core/Src/config.o"
arm-none-eabi-gcc "../Core/Src/main.c" -mcpu=cortex-m4 -std=gnu11 -g3 -DDEBUG -DUSE_HAL_DRIVER -DSTM32G474xx -c -I../Core/Inc -I../micro_ros_stm32cubemx_utils/microros_static_library_ide/libmicroros/include -I../Drivers/STM32G4xx_HAL_Driver/Inc -I../Drivers/STM32G4xx_HAL_Driver/Inc/Legacy -I../Drivers/CMSIS/Device/ST/STM32G4xx/Include -I../Drivers/CMSIS/Include -I../Middlewares/Third_Party/FreeRTOS/Source/include -I../Middlewares/Third_Party/FreeRTOS/Source/CMSIS_RTOS_V2 -I../Middlewares/Third_Party/FreeRTOS/Source/portable/GCC/ARM_CM4F -I../Middlewares/Third_Party/ARM_CMSIS/CMSIS/Core/Include/ -I../Middlewares/Third_Party/ARM_CMSIS/PrivateInclude/ -I../Middlewares/Third_Party/ARM_CMSIS/Include/ -I../Middlewares/Third_Party/ARM_CMSIS/Include -I"/home/b/cleaner_ws/firmware/cleaner_uros/Source/BasicMathFunctions" -I"/home/b/cleaner_ws/firmware/cleaner_uros/Source/BayesFunctions" -I"/home/b/cleaner_ws/firmware/cleaner_uros/Source/CommonTables" -I"/home/b/cleaner_ws/firmware/cleaner_uros/Source/ComplexMathFunctions" -I"/home/b/cleaner_ws/firmware/cleaner_uros/Source/ControllerFunctions" -I"/home/b/cleaner_ws/firmware/cleaner_uros/Source/DistanceFunctions" -I"/home/b/cleaner_ws/firmware/cleaner_uros/Source/FastMathFunctions" -I"/home/b/cleaner_ws/firmware/cleaner_uros/Source/FilteringFunctions" -I"/home/b/cleaner_ws/firmware/cleaner_uros/Source/InterpolationFunctions" -I"/home/b/cleaner_ws/firmware/cleaner_uros/Source/MatrixFunctions" -I"/home/b/cleaner_ws/firmware/cleaner_uros/Source/QuaternionMathFunctions" -I"/home/b/cleaner_ws/firmware/cleaner_uros/Source/StatisticsFunctions" -I"/home/b/cleaner_ws/firmware/cleaner_uros/Source/SupportFunctions" -I"/home/b/cleaner_ws/firmware/cleaner_uros/Source/SVMFunctions" -I"/home/b/cleaner_ws/firmware/cleaner_uros/Source/TransformFunctions" -I"/home/b/cleaner_ws/firmware/cleaner_uros/Source/WindowFunctions" -O0 -ffunction-sections -fdata-sections -Wall -fstack-usage -fcyclomatic-complexity -MMD -MP -MF"Core/Src/main.d" -MT"Core/Src/main.o" --specs=nano.specs -mfpu=fpv4-sp-d16 -mfloat-abi=hard -mthumb -o "Core/Src/main.o"
In file included from ../Core/Src/config.c:8:
../Core/Inc/config.h:58: warning: "MOTOR3_TIM_CH" redefined
   58 | #define MOTOR3_TIM_CH TIM_CHANNEL_4
      | 
../Core/Inc/config.h:50: note: this is the location of the previous definition
   50 | #define MOTOR3_TIM_CH TIM_CHANNEL_3
      | 
In file included from ../Core/Src/main.c:47:
../Core/Inc/config.h:58: warning: "MOTOR3_TIM_CH" redefined
   58 | #define MOTOR3_TIM_CH TIM_CHANNEL_4
      | 
../Core/Inc/config.h:50: note: this is the location of the previous definition
   50 | #define MOTOR3_TIM_CH TIM_CHANNEL_3
      | 
../Core/Src/main.c: In function 'read_encoder_data':
../Core/Src/main.c:392:1: warning: control reaches end of non-void function [-Wreturn-type]
  392 | }
      | ^
arm-none-eabi-gcc -o "cleaner_uros.elf" @"objects.list"  -lmicroros -mcpu=cortex-m4 -T"/home/b/cleaner_ws/firmware/cleaner_uros/STM32G474RETX_FLASH.ld" --specs=nosys.specs -Wl,-Map="cleaner_uros.map" -Wl,--gc-sections -static -L../micro_ros_stm32cubemx_utils/microros_static_library_ide/libmicroros --specs=nano.specs -mfpu=fpv4-sp-d16 -mfloat-abi=hard -mthumb -Wl,--start-group -lc -lm -Wl,--end-group
/opt/st/stm32cubeide_1.18.0/plugins/com.st.stm32cube.ide.mcu.externaltools.gnu-tools-for-stm32.13.3.rel1.linux64_1.0.0.202410170706/tools/bin/../lib/gcc/arm-none-eabi/13.3.1/../../../../arm-none-eabi/bin/ld: /opt/st/stm32cubeide_1.18.0/plugins/com.st.stm32cube.ide.mcu.externaltools.gnu-tools-for-stm32.13.3.rel1.linux64_1.0.0.202410170706/tools/bin/../lib/gcc/arm-none-eabi/13.3.1/../../../../arm-none-eabi/lib/thumb/v7e-m+fp/hard/libc_nano.a(libc_a-gettimeofdayr.o): in function `_gettimeofday_r':
(.text._gettimeofday_r+0xe): warning: _gettimeofday is not implemented and will always fail
/opt/st/stm32cubeide_1.18.0/plugins/com.st.stm32cube.ide.mcu.externaltools.gnu-tools-for-stm32.13.3.rel1.linux64_1.0.0.202410170706/tools/bin/../lib/gcc/arm-none-eabi/13.3.1/../../../../arm-none-eabi/bin/ld: /opt/st/stm32cubeide_1.18.0/plugins/com.st.stm32cube.ide.mcu.externaltools.gnu-tools-for-stm32.13.3.rel1.linux64_1.0.0.202410170706/tools/bin/../lib/gcc/arm-none-eabi/13.3.1/../../../../arm-none-eabi/lib/thumb/v7e-m+fp/hard/libc_nano.a(libc_a-gettimeofdayr.o): note: the message above does not take linker garbage collection into account
Finished building target: cleaner_uros.elf
 
arm-none-eabi-size  cleaner_uros.elf 
arm-none-eabi-objdump -h -S cleaner_uros.elf  > "cleaner_uros.list"
   text	   data	    bss	    dec	    hex	filename
 115164	    736	  46368	 162268	  279dc	cleaner_uros.elf
Finished building: default.size.stdout
 
Finished building: cleaner_uros.list
 
17:48:31 **** Incremental Build of configuration Debug for project cleaner_uros ****
make -j12 all 
echo "1" | sudo -S docker pull microros/micro_ros_static_library_builder:humble && echo "1" | sudo -S docker run --rm -v /home/b/cleaner_ws/firmware/cleaner_uros:/project --env MICROROS_LIBRARY_FOLDER=micro_ros_stm32cubemx_utils/microros_static_library_ide microros/micro_ros_static_library_builder:humble
humble: Pulling from microros/micro_ros_static_library_builder
Digest: sha256:4bceb86200fcfa7a09b6ad122269d57c2707f9bb82c135854ff381413b5a4c51
Status: Image is up to date for microros/micro_ros_static_library_builder:humble
docker.io/microros/micro_ros_static_library_builder:humble
[sudo] password for b: dos2unix: converting file /project/micro_ros_stm32cubemx_utils/microros_static_library_ide/library_generation/library_generation.sh to Unix format...
micro-ROS library found. Skipping...
Delete micro_ros_stm32cubemx_utils/microros_static_library_ide/libmicroros/ for rebuild.
 
arm-none-eabi-gcc "../Middlewares/Third_Party/FreeRTOS/Source/portable/MemMang/heap_4.c" -mcpu=cortex-m4 -std=gnu11 -g3 -DDEBUG -DUSE_HAL_DRIVER -DSTM32G474xx -c -I../Core/Inc -I../micro_ros_stm32cubemx_utils/microros_static_library_ide/libmicroros/include -I../Drivers/STM32G4xx_HAL_Driver/Inc -I../Drivers/STM32G4xx_HAL_Driver/Inc/Legacy -I../Drivers/CMSIS/Device/ST/STM32G4xx/Include -I../Drivers/CMSIS/Include -I../Middlewares/Third_Party/FreeRTOS/Source/include -I../Middlewares/Third_Party/FreeRTOS/Source/CMSIS_RTOS_V2 -I../Middlewares/Third_Party/FreeRTOS/Source/portable/GCC/ARM_CM4F -I../Middlewares/Third_Party/ARM_CMSIS/CMSIS/Core/Include/ -I../Middlewares/Third_Party/ARM_CMSIS/PrivateInclude/ -I../Middlewares/Third_Party/ARM_CMSIS/Include/ -I../Middlewares/Third_Party/ARM_CMSIS/Include -I"/home/b/cleaner_ws/firmware/cleaner_uros/Source/BasicMathFunctions" -I"/home/b/cleaner_ws/firmware/cleaner_uros/Source/BayesFunctions" -I"/home/b/cleaner_ws/firmware/cleaner_uros/Source/CommonTables" -I"/home/b/cleaner_ws/firmware/cleaner_uros/Source/ComplexMathFunctions" -I"/home/b/cleaner_ws/firmware/cleaner_uros/Source/ControllerFunctions" -I"/home/b/cleaner_ws/firmware/cleaner_uros/Source/DistanceFunctions" -I"/home/b/cleaner_ws/firmware/cleaner_uros/Source/FastMathFunctions" -I"/home/b/cleaner_ws/firmware/cleaner_uros/Source/FilteringFunctions" -I"/home/b/cleaner_ws/firmware/cleaner_uros/Source/InterpolationFunctions" -I"/home/b/cleaner_ws/firmware/cleaner_uros/Source/MatrixFunctions" -I"/home/b/cleaner_ws/firmware/cleaner_uros/Source/QuaternionMathFunctions" -I"/home/b/cleaner_ws/firmware/cleaner_uros/Source/StatisticsFunctions" -I"/home/b/cleaner_ws/firmware/cleaner_uros/Source/SupportFunctions" -I"/home/b/cleaner_ws/firmware/cleaner_uros/Source/SVMFunctions" -I"/home/b/cleaner_ws/firmware/cleaner_uros/Source/TransformFunctions" -I"/home/b/cleaner_ws/firmware/cleaner_uros/Source/WindowFunctions" -O0 -ffunction-sections -fdata-sections -Wall -fstack-usage -fcyclomatic-complexity -MMD -MP -MF"Middlewares/Third_Party/FreeRTOS/Source/portable/MemMang/heap_4.d" -MT"Middlewares/Third_Party/FreeRTOS/Source/portable/MemMang/heap_4.o" --specs=nano.specs -mfpu=fpv4-sp-d16 -mfloat-abi=hard -mthumb -o "Middlewares/Third_Party/FreeRTOS/Source/portable/MemMang/heap_4.o"
arm-none-eabi-gcc "../Middlewares/Third_Party/FreeRTOS/Source/portable/GCC/ARM_CM4F/port.c" -mcpu=cortex-m4 -std=gnu11 -g3 -DDEBUG -DUSE_HAL_DRIVER -DSTM32G474xx -c -I../Core/Inc -I../micro_ros_stm32cubemx_utils/microros_static_library_ide/libmicroros/include -I../Drivers/STM32G4xx_HAL_Driver/Inc -I../Drivers/STM32G4xx_HAL_Driver/Inc/Legacy -I../Drivers/CMSIS/Device/ST/STM32G4xx/Include -I../Drivers/CMSIS/Include -I../Middlewares/Third_Party/FreeRTOS/Source/include -I../Middlewares/Third_Party/FreeRTOS/Source/CMSIS_RTOS_V2 -I../Middlewares/Third_Party/FreeRTOS/Source/portable/GCC/ARM_CM4F -I../Middlewares/Third_Party/ARM_CMSIS/CMSIS/Core/Include/ -I../Middlewares/Third_Party/ARM_CMSIS/PrivateInclude/ -I../Middlewares/Third_Party/ARM_CMSIS/Include/ -I../Middlewares/Third_Party/ARM_CMSIS/Include -I"/home/b/cleaner_ws/firmware/cleaner_uros/Source/BasicMathFunctions" -I"/home/b/cleaner_ws/firmware/cleaner_uros/Source/BayesFunctions" -I"/home/b/cleaner_ws/firmware/cleaner_uros/Source/CommonTables" -I"/home/b/cleaner_ws/firmware/cleaner_uros/Source/ComplexMathFunctions" -I"/home/b/cleaner_ws/firmware/cleaner_uros/Source/ControllerFunctions" -I"/home/b/cleaner_ws/firmware/cleaner_uros/Source/DistanceFunctions" -I"/home/b/cleaner_ws/firmware/cleaner_uros/Source/FastMathFunctions" -I"/home/b/cleaner_ws/firmware/cleaner_uros/Source/FilteringFunctions" -I"/home/b/cleaner_ws/firmware/cleaner_uros/Source/InterpolationFunctions" -I"/home/b/cleaner_ws/firmware/cleaner_uros/Source/MatrixFunctions" -I"/home/b/cleaner_ws/firmware/cleaner_uros/Source/QuaternionMathFunctions" -I"/home/b/cleaner_ws/firmware/cleaner_uros/Source/StatisticsFunctions" -I"/home/b/cleaner_ws/firmware/cleaner_uros/Source/SupportFunctions" -I"/home/b/cleaner_ws/firmware/cleaner_uros/Source/SVMFunctions" -I"/home/b/cleaner_ws/firmware/cleaner_uros/Source/TransformFunctions" -I"/home/b/cleaner_ws/firmware/cleaner_uros/Source/WindowFunctions" -O0 -ffunction-sections -fdata-sections -Wall -fstack-usage -fcyclomatic-complexity -MMD -MP -MF"Middlewares/Third_Party/FreeRTOS/Source/portable/GCC/ARM_CM4F/port.d" -MT"Middlewares/Third_Party/FreeRTOS/Source/portable/GCC/ARM_CM4F/port.o" --specs=nano.specs -mfpu=fpv4-sp-d16 -mfloat-abi=hard -mthumb -o "Middlewares/Third_Party/FreeRTOS/Source/portable/GCC/ARM_CM4F/port.o"
arm-none-eabi-gcc "../Middlewares/Third_Party/FreeRTOS/Source/CMSIS_RTOS_V2/cmsis_os2.c" -mcpu=cortex-m4 -std=gnu11 -g3 -DDEBUG -DUSE_HAL_DRIVER -DSTM32G474xx -c -I../Core/Inc -I../micro_ros_stm32cubemx_utils/microros_static_library_ide/libmicroros/include -I../Drivers/STM32G4xx_HAL_Driver/Inc -I../Drivers/STM32G4xx_HAL_Driver/Inc/Legacy -I../Drivers/CMSIS/Device/ST/STM32G4xx/Include -I../Drivers/CMSIS/Include -I../Middlewares/Third_Party/FreeRTOS/Source/include -I../Middlewares/Third_Party/FreeRTOS/Source/CMSIS_RTOS_V2 -I../Middlewares/Third_Party/FreeRTOS/Source/portable/GCC/ARM_CM4F -I../Middlewares/Third_Party/ARM_CMSIS/CMSIS/Core/Include/ -I../Middlewares/Third_Party/ARM_CMSIS/PrivateInclude/ -I../Middlewares/Third_Party/ARM_CMSIS/Include/ -I../Middlewares/Third_Party/ARM_CMSIS/Include -I"/home/b/cleaner_ws/firmware/cleaner_uros/Source/BasicMathFunctions" -I"/home/b/cleaner_ws/firmware/cleaner_uros/Source/BayesFunctions" -I"/home/b/cleaner_ws/firmware/cleaner_uros/Source/CommonTables" -I"/home/b/cleaner_ws/firmware/cleaner_uros/Source/ComplexMathFunctions" -I"/home/b/cleaner_ws/firmware/cleaner_uros/Source/ControllerFunctions" -I"/home/b/cleaner_ws/firmware/cleaner_uros/Source/DistanceFunctions" -I"/home/b/cleaner_ws/firmware/cleaner_uros/Source/FastMathFunctions" -I"/home/b/cleaner_ws/firmware/cleaner_uros/Source/FilteringFunctions" -I"/home/b/cleaner_ws/firmware/cleaner_uros/Source/InterpolationFunctions" -I"/home/b/cleaner_ws/firmware/cleaner_uros/Source/MatrixFunctions" -I"/home/b/cleaner_ws/firmware/cleaner_uros/Source/QuaternionMathFunctions" -I"/home/b/cleaner_ws/firmware/cleaner_uros/Source/StatisticsFunctions" -I"/home/b/cleaner_ws/firmware/cleaner_uros/Source/SupportFunctions" -I"/home/b/cleaner_ws/firmware/cleaner_uros/Source/SVMFunctions" -I"/home/b/cleaner_ws/firmware/cleaner_uros/Source/TransformFunctions" -I"/home/b/cleaner_ws/firmware/cleaner_uros/Source/WindowFunctions" -O0 -ffunction-sections -fdata-sections -Wall -fstack-usage -fcyclomatic-complexity -MMD -MP -MF"Middlewares/Third_Party/FreeRTOS/Source/CMSIS_RTOS_V2/cmsis_os2.d" -MT"Middlewares/Third_Party/FreeRTOS/Source/CMSIS_RTOS_V2/cmsis_os2.o" --specs=nano.specs -mfpu=fpv4-sp-d16 -mfloat-abi=hard -mthumb -o "Middlewares/Third_Party/FreeRTOS/Source/CMSIS_RTOS_V2/cmsis_os2.o"
arm-none-eabi-gcc "../Middlewares/Third_Party/FreeRTOS/Source/croutine.c" -mcpu=cortex-m4 -std=gnu11 -g3 -DDEBUG -DUSE_HAL_DRIVER -DSTM32G474xx -c -I../Core/Inc -I../micro_ros_stm32cubemx_utils/microros_static_library_ide/libmicroros/include -I../Drivers/STM32G4xx_HAL_Driver/Inc -I../Drivers/STM32G4xx_HAL_Driver/Inc/Legacy -I../Drivers/CMSIS/Device/ST/STM32G4xx/Include -I../Drivers/CMSIS/Include -I../Middlewares/Third_Party/FreeRTOS/Source/include -I../Middlewares/Third_Party/FreeRTOS/Source/CMSIS_RTOS_V2 -I../Middlewares/Third_Party/FreeRTOS/Source/portable/GCC/ARM_CM4F -I../Middlewares/Third_Party/ARM_CMSIS/CMSIS/Core/Include/ -I../Middlewares/Third_Party/ARM_CMSIS/PrivateInclude/ -I../Middlewares/Third_Party/ARM_CMSIS/Include/ -I../Middlewares/Third_Party/ARM_CMSIS/Include -I"/home/b/cleaner_ws/firmware/cleaner_uros/Source/BasicMathFunctions" -I"/home/b/cleaner_ws/firmware/cleaner_uros/Source/BayesFunctions" -I"/home/b/cleaner_ws/firmware/cleaner_uros/Source/CommonTables" -I"/home/b/cleaner_ws/firmware/cleaner_uros/Source/ComplexMathFunctions" -I"/home/b/cleaner_ws/firmware/cleaner_uros/Source/ControllerFunctions" -I"/home/b/cleaner_ws/firmware/cleaner_uros/Source/DistanceFunctions" -I"/home/b/cleaner_ws/firmware/cleaner_uros/Source/FastMathFunctions" -I"/home/b/cleaner_ws/firmware/cleaner_uros/Source/FilteringFunctions" -I"/home/b/cleaner_ws/firmware/cleaner_uros/Source/InterpolationFunctions" -I"/home/b/cleaner_ws/firmware/cleaner_uros/Source/MatrixFunctions" -I"/home/b/cleaner_ws/firmware/cleaner_uros/Source/QuaternionMathFunctions" -I"/home/b/cleaner_ws/firmware/cleaner_uros/Source/StatisticsFunctions" -I"/home/b/cleaner_ws/firmware/cleaner_uros/Source/SupportFunctions" -I"/home/b/cleaner_ws/firmware/cleaner_uros/Source/SVMFunctions" -I"/home/b/cleaner_ws/firmware/cleaner_uros/Source/TransformFunctions" -I"/home/b/cleaner_ws/firmware/cleaner_uros/Source/WindowFunctions" -O0 -ffunction-sections -fdata-sections -Wall -fstack-usage -fcyclomatic-complexity -MMD -MP -MF"Middlewares/Third_Party/FreeRTOS/Source/croutine.d" -MT"Middlewares/Third_Party/FreeRTOS/Source/croutine.o" --specs=nano.specs -mfpu=fpv4-sp-d16 -mfloat-abi=hard -mthumb -o "Middlewares/Third_Party/FreeRTOS/Source/croutine.o"
arm-none-eabi-gcc "../Middlewares/Third_Party/FreeRTOS/Source/event_groups.c" -mcpu=cortex-m4 -std=gnu11 -g3 -DDEBUG -DUSE_HAL_DRIVER -DSTM32G474xx -c -I../Core/Inc -I../micro_ros_stm32cubemx_utils/microros_static_library_ide/libmicroros/include -I../Drivers/STM32G4xx_HAL_Driver/Inc -I../Drivers/STM32G4xx_HAL_Driver/Inc/Legacy -I../Drivers/CMSIS/Device/ST/STM32G4xx/Include -I../Drivers/CMSIS/Include -I../Middlewares/Third_Party/FreeRTOS/Source/include -I../Middlewares/Third_Party/FreeRTOS/Source/CMSIS_RTOS_V2 -I../Middlewares/Third_Party/FreeRTOS/Source/portable/GCC/ARM_CM4F -I../Middlewares/Third_Party/ARM_CMSIS/CMSIS/Core/Include/ -I../Middlewares/Third_Party/ARM_CMSIS/PrivateInclude/ -I../Middlewares/Third_Party/ARM_CMSIS/Include/ -I../Middlewares/Third_Party/ARM_CMSIS/Include -I"/home/b/cleaner_ws/firmware/cleaner_uros/Source/BasicMathFunctions" -I"/home/b/cleaner_ws/firmware/cleaner_uros/Source/BayesFunctions" -I"/home/b/cleaner_ws/firmware/cleaner_uros/Source/CommonTables" -I"/home/b/cleaner_ws/firmware/cleaner_uros/Source/ComplexMathFunctions" -I"/home/b/cleaner_ws/firmware/cleaner_uros/Source/ControllerFunctions" -I"/home/b/cleaner_ws/firmware/cleaner_uros/Source/DistanceFunctions" -I"/home/b/cleaner_ws/firmware/cleaner_uros/Source/FastMathFunctions" -I"/home/b/cleaner_ws/firmware/cleaner_uros/Source/FilteringFunctions" -I"/home/b/cleaner_ws/firmware/cleaner_uros/Source/InterpolationFunctions" -I"/home/b/cleaner_ws/firmware/cleaner_uros/Source/MatrixFunctions" -I"/home/b/cleaner_ws/firmware/cleaner_uros/Source/QuaternionMathFunctions" -I"/home/b/cleaner_ws/firmware/cleaner_uros/Source/StatisticsFunctions" -I"/home/b/cleaner_ws/firmware/cleaner_uros/Source/SupportFunctions" -I"/home/b/cleaner_ws/firmware/cleaner_uros/Source/SVMFunctions" -I"/home/b/cleaner_ws/firmware/cleaner_uros/Source/TransformFunctions" -I"/home/b/cleaner_ws/firmware/cleaner_uros/Source/WindowFunctions" -O0 -ffunction-sections -fdata-sections -Wall -fstack-usage -fcyclomatic-complexity -MMD -MP -MF"Middlewares/Third_Party/FreeRTOS/Source/event_groups.d" -MT"Middlewares/Third_Party/FreeRTOS/Source/event_groups.o" --specs=nano.specs -mfpu=fpv4-sp-d16 -mfloat-abi=hard -mthumb -o "Middlewares/Third_Party/FreeRTOS/Source/event_groups.o"
arm-none-eabi-gcc "../Middlewares/Third_Party/FreeRTOS/Source/list.c" -mcpu=cortex-m4 -std=gnu11 -g3 -DDEBUG -DUSE_HAL_DRIVER -DSTM32G474xx -c -I../Core/Inc -I../micro_ros_stm32cubemx_utils/microros_static_library_ide/libmicroros/include -I../Drivers/STM32G4xx_HAL_Driver/Inc -I../Drivers/STM32G4xx_HAL_Driver/Inc/Legacy -I../Drivers/CMSIS/Device/ST/STM32G4xx/Include -I../Drivers/CMSIS/Include -I../Middlewares/Third_Party/FreeRTOS/Source/include -I../Middlewares/Third_Party/FreeRTOS/Source/CMSIS_RTOS_V2 -I../Middlewares/Third_Party/FreeRTOS/Source/portable/GCC/ARM_CM4F -I../Middlewares/Third_Party/ARM_CMSIS/CMSIS/Core/Include/ -I../Middlewares/Third_Party/ARM_CMSIS/PrivateInclude/ -I../Middlewares/Third_Party/ARM_CMSIS/Include/ -I../Middlewares/Third_Party/ARM_CMSIS/Include -I"/home/b/cleaner_ws/firmware/cleaner_uros/Source/BasicMathFunctions" -I"/home/b/cleaner_ws/firmware/cleaner_uros/Source/BayesFunctions" -I"/home/b/cleaner_ws/firmware/cleaner_uros/Source/CommonTables" -I"/home/b/cleaner_ws/firmware/cleaner_uros/Source/ComplexMathFunctions" -I"/home/b/cleaner_ws/firmware/cleaner_uros/Source/ControllerFunctions" -I"/home/b/cleaner_ws/firmware/cleaner_uros/Source/DistanceFunctions" -I"/home/b/cleaner_ws/firmware/cleaner_uros/Source/FastMathFunctions" -I"/home/b/cleaner_ws/firmware/cleaner_uros/Source/FilteringFunctions" -I"/home/b/cleaner_ws/firmware/cleaner_uros/Source/InterpolationFunctions" -I"/home/b/cleaner_ws/firmware/cleaner_uros/Source/MatrixFunctions" -I"/home/b/cleaner_ws/firmware/cleaner_uros/Source/QuaternionMathFunctions" -I"/home/b/cleaner_ws/firmware/cleaner_uros/Source/StatisticsFunctions" -I"/home/b/cleaner_ws/firmware/cleaner_uros/Source/SupportFunctions" -I"/home/b/cleaner_ws/firmware/cleaner_uros/Source/SVMFunctions" -I"/home/b/cleaner_ws/firmware/cleaner_uros/Source/TransformFunctions" -I"/home/b/cleaner_ws/firmware/cleaner_uros/Source/WindowFunctions" -O0 -ffunction-sections -fdata-sections -Wall -fstack-usage -fcyclomatic-complexity -MMD -MP -MF"Middlewares/Third_Party/FreeRTOS/Source/list.d" -MT"Middlewares/Third_Party/FreeRTOS/Source/list.o" --specs=nano.specs -mfpu=fpv4-sp-d16 -mfloat-abi=hard -mthumb -o "Middlewares/Third_Party/FreeRTOS/Source/list.o"
arm-none-eabi-gcc "../Middlewares/Third_Party/FreeRTOS/Source/queue.c" -mcpu=cortex-m4 -std=gnu11 -g3 -DDEBUG -DUSE_HAL_DRIVER -DSTM32G474xx -c -I../Core/Inc -I../micro_ros_stm32cubemx_utils/microros_static_library_ide/libmicroros/include -I../Drivers/STM32G4xx_HAL_Driver/Inc -I../Drivers/STM32G4xx_HAL_Driver/Inc/Legacy -I../Drivers/CMSIS/Device/ST/STM32G4xx/Include -I../Drivers/CMSIS/Include -I../Middlewares/Third_Party/FreeRTOS/Source/include -I../Middlewares/Third_Party/FreeRTOS/Source/CMSIS_RTOS_V2 -I../Middlewares/Third_Party/FreeRTOS/Source/portable/GCC/ARM_CM4F -I../Middlewares/Third_Party/ARM_CMSIS/CMSIS/Core/Include/ -I../Middlewares/Third_Party/ARM_CMSIS/PrivateInclude/ -I../Middlewares/Third_Party/ARM_CMSIS/Include/ -I../Middlewares/Third_Party/ARM_CMSIS/Include -I"/home/b/cleaner_ws/firmware/cleaner_uros/Source/BasicMathFunctions" -I"/home/b/cleaner_ws/firmware/cleaner_uros/Source/BayesFunctions" -I"/home/b/cleaner_ws/firmware/cleaner_uros/Source/CommonTables" -I"/home/b/cleaner_ws/firmware/cleaner_uros/Source/ComplexMathFunctions" -I"/home/b/cleaner_ws/firmware/cleaner_uros/Source/ControllerFunctions" -I"/home/b/cleaner_ws/firmware/cleaner_uros/Source/DistanceFunctions" -I"/home/b/cleaner_ws/firmware/cleaner_uros/Source/FastMathFunctions" -I"/home/b/cleaner_ws/firmware/cleaner_uros/Source/FilteringFunctions" -I"/home/b/cleaner_ws/firmware/cleaner_uros/Source/InterpolationFunctions" -I"/home/b/cleaner_ws/firmware/cleaner_uros/Source/MatrixFunctions" -I"/home/b/cleaner_ws/firmware/cleaner_uros/Source/QuaternionMathFunctions" -I"/home/b/cleaner_ws/firmware/cleaner_uros/Source/StatisticsFunctions" -I"/home/b/cleaner_ws/firmware/cleaner_uros/Source/SupportFunctions" -I"/home/b/cleaner_ws/firmware/cleaner_uros/Source/SVMFunctions" -I"/home/b/cleaner_ws/firmware/cleaner_uros/Source/TransformFunctions" -I"/home/b/cleaner_ws/firmware/cleaner_uros/Source/WindowFunctions" -O0 -ffunction-sections -fdata-sections -Wall -fstack-usage -fcyclomatic-complexity -MMD -MP -MF"Middlewares/Third_Party/FreeRTOS/Source/queue.d" -MT"Middlewares/Third_Party/FreeRTOS/Source/queue.o" --specs=nano.specs -mfpu=fpv4-sp-d16 -mfloat-abi=hard -mthumb -o "Middlewares/Third_Party/FreeRTOS/Source/queue.o"
arm-none-eabi-gcc "../Middlewares/Third_Party/FreeRTOS/Source/stream_buffer.c" -mcpu=cortex-m4 -std=gnu11 -g3 -DDEBUG -DUSE_HAL_DRIVER -DSTM32G474xx -c -I../Core/Inc -I../micro_ros_stm32cubemx_utils/microros_static_library_ide/libmicroros/include -I../Drivers/STM32G4xx_HAL_Driver/Inc -I../Drivers/STM32G4xx_HAL_Driver/Inc/Legacy -I../Drivers/CMSIS/Device/ST/STM32G4xx/Include -I../Drivers/CMSIS/Include -I../Middlewares/Third_Party/FreeRTOS/Source/include -I../Middlewares/Third_Party/FreeRTOS/Source/CMSIS_RTOS_V2 -I../Middlewares/Third_Party/FreeRTOS/Source/portable/GCC/ARM_CM4F -I../Middlewares/Third_Party/ARM_CMSIS/CMSIS/Core/Include/ -I../Middlewares/Third_Party/ARM_CMSIS/PrivateInclude/ -I../Middlewares/Third_Party/ARM_CMSIS/Include/ -I../Middlewares/Third_Party/ARM_CMSIS/Include -I"/home/b/cleaner_ws/firmware/cleaner_uros/Source/BasicMathFunctions" -I"/home/b/cleaner_ws/firmware/cleaner_uros/Source/BayesFunctions" -I"/home/b/cleaner_ws/firmware/cleaner_uros/Source/CommonTables" -I"/home/b/cleaner_ws/firmware/cleaner_uros/Source/ComplexMathFunctions" -I"/home/b/cleaner_ws/firmware/cleaner_uros/Source/ControllerFunctions" -I"/home/b/cleaner_ws/firmware/cleaner_uros/Source/DistanceFunctions" -I"/home/b/cleaner_ws/firmware/cleaner_uros/Source/FastMathFunctions" -I"/home/b/cleaner_ws/firmware/cleaner_uros/Source/FilteringFunctions" -I"/home/b/cleaner_ws/firmware/cleaner_uros/Source/InterpolationFunctions" -I"/home/b/cleaner_ws/firmware/cleaner_uros/Source/MatrixFunctions" -I"/home/b/cleaner_ws/firmware/cleaner_uros/Source/QuaternionMathFunctions" -I"/home/b/cleaner_ws/firmware/cleaner_uros/Source/StatisticsFunctions" -I"/home/b/cleaner_ws/firmware/cleaner_uros/Source/SupportFunctions" -I"/home/b/cleaner_ws/firmware/cleaner_uros/Source/SVMFunctions" -I"/home/b/cleaner_ws/firmware/cleaner_uros/Source/TransformFunctions" -I"/home/b/cleaner_ws/firmware/cleaner_uros/Source/WindowFunctions" -O0 -ffunction-sections -fdata-sections -Wall -fstack-usage -fcyclomatic-complexity -MMD -MP -MF"Middlewares/Third_Party/FreeRTOS/Source/stream_buffer.d" -MT"Middlewares/Third_Party/FreeRTOS/Source/stream_buffer.o" --specs=nano.specs -mfpu=fpv4-sp-d16 -mfloat-abi=hard -mthumb -o "Middlewares/Third_Party/FreeRTOS/Source/stream_buffer.o"
arm-none-eabi-gcc "../Middlewares/Third_Party/FreeRTOS/Source/tasks.c" -mcpu=cortex-m4 -std=gnu11 -g3 -DDEBUG -DUSE_HAL_DRIVER -DSTM32G474xx -c -I../Core/Inc -I../micro_ros_stm32cubemx_utils/microros_static_library_ide/libmicroros/include -I../Drivers/STM32G4xx_HAL_Driver/Inc -I../Drivers/STM32G4xx_HAL_Driver/Inc/Legacy -I../Drivers/CMSIS/Device/ST/STM32G4xx/Include -I../Drivers/CMSIS/Include -I../Middlewares/Third_Party/FreeRTOS/Source/include -I../Middlewares/Third_Party/FreeRTOS/Source/CMSIS_RTOS_V2 -I../Middlewares/Third_Party/FreeRTOS/Source/portable/GCC/ARM_CM4F -I../Middlewares/Third_Party/ARM_CMSIS/CMSIS/Core/Include/ -I../Middlewares/Third_Party/ARM_CMSIS/PrivateInclude/ -I../Middlewares/Third_Party/ARM_CMSIS/Include/ -I../Middlewares/Third_Party/ARM_CMSIS/Include -I"/home/b/cleaner_ws/firmware/cleaner_uros/Source/BasicMathFunctions" -I"/home/b/cleaner_ws/firmware/cleaner_uros/Source/BayesFunctions" -I"/home/b/cleaner_ws/firmware/cleaner_uros/Source/CommonTables" -I"/home/b/cleaner_ws/firmware/cleaner_uros/Source/ComplexMathFunctions" -I"/home/b/cleaner_ws/firmware/cleaner_uros/Source/ControllerFunctions" -I"/home/b/cleaner_ws/firmware/cleaner_uros/Source/DistanceFunctions" -I"/home/b/cleaner_ws/firmware/cleaner_uros/Source/FastMathFunctions" -I"/home/b/cleaner_ws/firmware/cleaner_uros/Source/FilteringFunctions" -I"/home/b/cleaner_ws/firmware/cleaner_uros/Source/InterpolationFunctions" -I"/home/b/cleaner_ws/firmware/cleaner_uros/Source/MatrixFunctions" -I"/home/b/cleaner_ws/firmware/cleaner_uros/Source/QuaternionMathFunctions" -I"/home/b/cleaner_ws/firmware/cleaner_uros/Source/StatisticsFunctions" -I"/home/b/cleaner_ws/firmware/cleaner_uros/Source/SupportFunctions" -I"/home/b/cleaner_ws/firmware/cleaner_uros/Source/SVMFunctions" -I"/home/b/cleaner_ws/firmware/cleaner_uros/Source/TransformFunctions" -I"/home/b/cleaner_ws/firmware/cleaner_uros/Source/WindowFunctions" -O0 -ffunction-sections -fdata-sections -Wall -fstack-usage -fcyclomatic-complexity -MMD -MP -MF"Middlewares/Third_Party/FreeRTOS/Source/tasks.d" -MT"Middlewares/Third_Party/FreeRTOS/Source/tasks.o" --specs=nano.specs -mfpu=fpv4-sp-d16 -mfloat-abi=hard -mthumb -o "Middlewares/Third_Party/FreeRTOS/Source/tasks.o"
arm-none-eabi-gcc "../Middlewares/Third_Party/FreeRTOS/Source/timers.c" -mcpu=cortex-m4 -std=gnu11 -g3 -DDEBUG -DUSE_HAL_DRIVER -DSTM32G474xx -c -I../Core/Inc -I../micro_ros_stm32cubemx_utils/microros_static_library_ide/libmicroros/include -I../Drivers/STM32G4xx_HAL_Driver/Inc -I../Drivers/STM32G4xx_HAL_Driver/Inc/Legacy -I../Drivers/CMSIS/Device/ST/STM32G4xx/Include -I../Drivers/CMSIS/Include -I../Middlewares/Third_Party/FreeRTOS/Source/include -I../Middlewares/Third_Party/FreeRTOS/Source/CMSIS_RTOS_V2 -I../Middlewares/Third_Party/FreeRTOS/Source/portable/GCC/ARM_CM4F -I../Middlewares/Third_Party/ARM_CMSIS/CMSIS/Core/Include/ -I../Middlewares/Third_Party/ARM_CMSIS/PrivateInclude/ -I../Middlewares/Third_Party/ARM_CMSIS/Include/ -I../Middlewares/Third_Party/ARM_CMSIS/Include -I"/home/b/cleaner_ws/firmware/cleaner_uros/Source/BasicMathFunctions" -I"/home/b/cleaner_ws/firmware/cleaner_uros/Source/BayesFunctions" -I"/home/b/cleaner_ws/firmware/cleaner_uros/Source/CommonTables" -I"/home/b/cleaner_ws/firmware/cleaner_uros/Source/ComplexMathFunctions" -I"/home/b/cleaner_ws/firmware/cleaner_uros/Source/ControllerFunctions" -I"/home/b/cleaner_ws/firmware/cleaner_uros/Source/DistanceFunctions" -I"/home/b/cleaner_ws/firmware/cleaner_uros/Source/FastMathFunctions" -I"/home/b/cleaner_ws/firmware/cleaner_uros/Source/FilteringFunctions" -I"/home/b/cleaner_ws/firmware/cleaner_uros/Source/InterpolationFunctions" -I"/home/b/cleaner_ws/firmware/cleaner_uros/Source/MatrixFunctions" -I"/home/b/cleaner_ws/firmware/cleaner_uros/Source/QuaternionMathFunctions" -I"/home/b/cleaner_ws/firmware/cleaner_uros/Source/StatisticsFunctions" -I"/home/b/cleaner_ws/firmware/cleaner_uros/Source/SupportFunctions" -I"/home/b/cleaner_ws/firmware/cleaner_uros/Source/SVMFunctions" -I"/home/b/cleaner_ws/firmware/cleaner_uros/Source/TransformFunctions" -I"/home/b/cleaner_ws/firmware/cleaner_uros/Source/WindowFunctions" -O0 -ffunction-sections -fdata-sections -Wall -fstack-usage -fcyclomatic-complexity -MMD -MP -MF"Middlewares/Third_Party/FreeRTOS/Source/timers.d" -MT"Middlewares/Third_Party/FreeRTOS/Source/timers.o" --specs=nano.specs -mfpu=fpv4-sp-d16 -mfloat-abi=hard -mthumb -o "Middlewares/Third_Party/FreeRTOS/Source/timers.o"
arm-none-eabi-gcc "../Middlewares/Third_Party/ARM_CMSIS/Source/TransformFunctions/TransformFunctions.c" -mcpu=cortex-m4 -std=gnu11 -g3 -DDEBUG -DUSE_HAL_DRIVER -DSTM32G474xx -c -I../Core/Inc -I../micro_ros_stm32cubemx_utils/microros_static_library_ide/libmicroros/include -I../Drivers/STM32G4xx_HAL_Driver/Inc -I../Drivers/STM32G4xx_HAL_Driver/Inc/Legacy -I../Drivers/CMSIS/Device/ST/STM32G4xx/Include -I../Drivers/CMSIS/Include -I../Middlewares/Third_Party/FreeRTOS/Source/include -I../Middlewares/Third_Party/FreeRTOS/Source/CMSIS_RTOS_V2 -I../Middlewares/Third_Party/FreeRTOS/Source/portable/GCC/ARM_CM4F -I../Middlewares/Third_Party/ARM_CMSIS/CMSIS/Core/Include/ -I../Middlewares/Third_Party/ARM_CMSIS/PrivateInclude/ -I../Middlewares/Third_Party/ARM_CMSIS/Include/ -I../Middlewares/Third_Party/ARM_CMSIS/Include -I"/home/b/cleaner_ws/firmware/cleaner_uros/Source/BasicMathFunctions" -I"/home/b/cleaner_ws/firmware/cleaner_uros/Source/BayesFunctions" -I"/home/b/cleaner_ws/firmware/cleaner_uros/Source/CommonTables" -I"/home/b/cleaner_ws/firmware/cleaner_uros/Source/ComplexMathFunctions" -I"/home/b/cleaner_ws/firmware/cleaner_uros/Source/ControllerFunctions" -I"/home/b/cleaner_ws/firmware/cleaner_uros/Source/DistanceFunctions" -I"/home/b/cleaner_ws/firmware/cleaner_uros/Source/FastMathFunctions" -I"/home/b/cleaner_ws/firmware/cleaner_uros/Source/FilteringFunctions" -I"/home/b/cleaner_ws/firmware/cleaner_uros/Source/InterpolationFunctions" -I"/home/b/cleaner_ws/firmware/cleaner_uros/Source/MatrixFunctions" -I"/home/b/cleaner_ws/firmware/cleaner_uros/Source/QuaternionMathFunctions" -I"/home/b/cleaner_ws/firmware/cleaner_uros/Source/StatisticsFunctions" -I"/home/b/cleaner_ws/firmware/cleaner_uros/Source/SupportFunctions" -I"/home/b/cleaner_ws/firmware/cleaner_uros/Source/SVMFunctions" -I"/home/b/cleaner_ws/firmware/cleaner_uros/Source/TransformFunctions" -I"/home/b/cleaner_ws/firmware/cleaner_uros/Source/WindowFunctions" -O0 -ffunction-sections -fdata-sections -Wall -fstack-usage -fcyclomatic-complexity -MMD -MP -MF"Middlewares/Third_Party/ARM_CMSIS/Source/TransformFunctions/TransformFunctions.d" -MT"Middlewares/Third_Party/ARM_CMSIS/Source/TransformFunctions/TransformFunctions.o" --specs=nano.specs -mfpu=fpv4-sp-d16 -mfloat-abi=hard -mthumb -o "Middlewares/Third_Party/ARM_CMSIS/Source/TransformFunctions/TransformFunctions.o"
arm-none-eabi-gcc "../Middlewares/Third_Party/ARM_CMSIS/Source/TransformFunctions/TransformFunctionsF16.c" -mcpu=cortex-m4 -std=gnu11 -g3 -DDEBUG -DUSE_HAL_DRIVER -DSTM32G474xx -c -I../Core/Inc -I../micro_ros_stm32cubemx_utils/microros_static_library_ide/libmicroros/include -I../Drivers/STM32G4xx_HAL_Driver/Inc -I../Drivers/STM32G4xx_HAL_Driver/Inc/Legacy -I../Drivers/CMSIS/Device/ST/STM32G4xx/Include -I../Drivers/CMSIS/Include -I../Middlewares/Third_Party/FreeRTOS/Source/include -I../Middlewares/Third_Party/FreeRTOS/Source/CMSIS_RTOS_V2 -I../Middlewares/Third_Party/FreeRTOS/Source/portable/GCC/ARM_CM4F -I../Middlewares/Third_Party/ARM_CMSIS/CMSIS/Core/Include/ -I../Middlewares/Third_Party/ARM_CMSIS/PrivateInclude/ -I../Middlewares/Third_Party/ARM_CMSIS/Include/ -I../Middlewares/Third_Party/ARM_CMSIS/Include -I"/home/b/cleaner_ws/firmware/cleaner_uros/Source/BasicMathFunctions" -I"/home/b/cleaner_ws/firmware/cleaner_uros/Source/BayesFunctions" -I"/home/b/cleaner_ws/firmware/cleaner_uros/Source/CommonTables" -I"/home/b/cleaner_ws/firmware/cleaner_uros/Source/ComplexMathFunctions" -I"/home/b/cleaner_ws/firmware/cleaner_uros/Source/ControllerFunctions" -I"/home/b/cleaner_ws/firmware/cleaner_uros/Source/DistanceFunctions" -I"/home/b/cleaner_ws/firmware/cleaner_uros/Source/FastMathFunctions" -I"/home/b/cleaner_ws/firmware/cleaner_uros/Source/FilteringFunctions" -I"/home/b/cleaner_ws/firmware/cleaner_uros/Source/InterpolationFunctions" -I"/home/b/cleaner_ws/firmware/cleaner_uros/Source/MatrixFunctions" -I"/home/b/cleaner_ws/firmware/cleaner_uros/Source/QuaternionMathFunctions" -I"/home/b/cleaner_ws/firmware/cleaner_uros/Source/StatisticsFunctions" -I"/home/b/cleaner_ws/firmware/cleaner_uros/Source/SupportFunctions" -I"/home/b/cleaner_ws/firmware/cleaner_uros/Source/SVMFunctions" -I"/home/b/cleaner_ws/firmware/cleaner_uros/Source/TransformFunctions" -I"/home/b/cleaner_ws/firmware/cleaner_uros/Source/WindowFunctions" -O0 -ffunction-sections -fdata-sections -Wall -fstack-usage -fcyclomatic-complexity -MMD -MP -MF"Middlewares/Third_Party/ARM_CMSIS/Source/TransformFunctions/TransformFunctionsF16.d" -MT"Middlewares/Third_Party/ARM_CMSIS/Source/TransformFunctions/TransformFunctionsF16.o" --specs=nano.specs -mfpu=fpv4-sp-d16 -mfloat-abi=hard -mthumb -o "Middlewares/Third_Party/ARM_CMSIS/Source/TransformFunctions/TransformFunctionsF16.o"
arm-none-eabi-gcc "../Middlewares/Third_Party/ARM_CMSIS/Source/SupportFunctions/SupportFunctions.c" -mcpu=cortex-m4 -std=gnu11 -g3 -DDEBUG -DUSE_HAL_DRIVER -DSTM32G474xx -c -I../Core/Inc -I../micro_ros_stm32cubemx_utils/microros_static_library_ide/libmicroros/include -I../Drivers/STM32G4xx_HAL_Driver/Inc -I../Drivers/STM32G4xx_HAL_Driver/Inc/Legacy -I../Drivers/CMSIS/Device/ST/STM32G4xx/Include -I../Drivers/CMSIS/Include -I../Middlewares/Third_Party/FreeRTOS/Source/include -I../Middlewares/Third_Party/FreeRTOS/Source/CMSIS_RTOS_V2 -I../Middlewares/Third_Party/FreeRTOS/Source/portable/GCC/ARM_CM4F -I../Middlewares/Third_Party/ARM_CMSIS/CMSIS/Core/Include/ -I../Middlewares/Third_Party/ARM_CMSIS/PrivateInclude/ -I../Middlewares/Third_Party/ARM_CMSIS/Include/ -I../Middlewares/Third_Party/ARM_CMSIS/Include -I"/home/b/cleaner_ws/firmware/cleaner_uros/Source/BasicMathFunctions" -I"/home/b/cleaner_ws/firmware/cleaner_uros/Source/BayesFunctions" -I"/home/b/cleaner_ws/firmware/cleaner_uros/Source/CommonTables" -I"/home/b/cleaner_ws/firmware/cleaner_uros/Source/ComplexMathFunctions" -I"/home/b/cleaner_ws/firmware/cleaner_uros/Source/ControllerFunctions" -I"/home/b/cleaner_ws/firmware/cleaner_uros/Source/DistanceFunctions" -I"/home/b/cleaner_ws/firmware/cleaner_uros/Source/FastMathFunctions" -I"/home/b/cleaner_ws/firmware/cleaner_uros/Source/FilteringFunctions" -I"/home/b/cleaner_ws/firmware/cleaner_uros/Source/InterpolationFunctions" -I"/home/b/cleaner_ws/firmware/cleaner_uros/Source/MatrixFunctions" -I"/home/b/cleaner_ws/firmware/cleaner_uros/Source/QuaternionMathFunctions" -I"/home/b/cleaner_ws/firmware/cleaner_uros/Source/StatisticsFunctions" -I"/home/b/cleaner_ws/firmware/cleaner_uros/Source/SupportFunctions" -I"/home/b/cleaner_ws/firmware/cleaner_uros/Source/SVMFunctions" -I"/home/b/cleaner_ws/firmware/cleaner_uros/Source/TransformFunctions" -I"/home/b/cleaner_ws/firmware/cleaner_uros/Source/WindowFunctions" -O0 -ffunction-sections -fdata-sections -Wall -fstack-usage -fcyclomatic-complexity -MMD -MP -MF"Middlewares/Third_Party/ARM_CMSIS/Source/SupportFunctions/SupportFunctions.d" -MT"Middlewares/Third_Party/ARM_CMSIS/Source/SupportFunctions/SupportFunctions.o" --specs=nano.specs -mfpu=fpv4-sp-d16 -mfloat-abi=hard -mthumb -o "Middlewares/Third_Party/ARM_CMSIS/Source/SupportFunctions/SupportFunctions.o"
arm-none-eabi-gcc "../Middlewares/Third_Party/ARM_CMSIS/Source/SupportFunctions/SupportFunctionsF16.c" -mcpu=cortex-m4 -std=gnu11 -g3 -DDEBUG -DUSE_HAL_DRIVER -DSTM32G474xx -c -I../Core/Inc -I../micro_ros_stm32cubemx_utils/microros_static_library_ide/libmicroros/include -I../Drivers/STM32G4xx_HAL_Driver/Inc -I../Drivers/STM32G4xx_HAL_Driver/Inc/Legacy -I../Drivers/CMSIS/Device/ST/STM32G4xx/Include -I../Drivers/CMSIS/Include -I../Middlewares/Third_Party/FreeRTOS/Source/include -I../Middlewares/Third_Party/FreeRTOS/Source/CMSIS_RTOS_V2 -I../Middlewares/Third_Party/FreeRTOS/Source/portable/GCC/ARM_CM4F -I../Middlewares/Third_Party/ARM_CMSIS/CMSIS/Core/Include/ -I../Middlewares/Third_Party/ARM_CMSIS/PrivateInclude/ -I../Middlewares/Third_Party/ARM_CMSIS/Include/ -I../Middlewares/Third_Party/ARM_CMSIS/Include -I"/home/b/cleaner_ws/firmware/cleaner_uros/Source/BasicMathFunctions" -I"/home/b/cleaner_ws/firmware/cleaner_uros/Source/BayesFunctions" -I"/home/b/cleaner_ws/firmware/cleaner_uros/Source/CommonTables" -I"/home/b/cleaner_ws/firmware/cleaner_uros/Source/ComplexMathFunctions" -I"/home/b/cleaner_ws/firmware/cleaner_uros/Source/ControllerFunctions" -I"/home/b/cleaner_ws/firmware/cleaner_uros/Source/DistanceFunctions" -I"/home/b/cleaner_ws/firmware/cleaner_uros/Source/FastMathFunctions" -I"/home/b/cleaner_ws/firmware/cleaner_uros/Source/FilteringFunctions" -I"/home/b/cleaner_ws/firmware/cleaner_uros/Source/InterpolationFunctions" -I"/home/b/cleaner_ws/firmware/cleaner_uros/Source/MatrixFunctions" -I"/home/b/cleaner_ws/firmware/cleaner_uros/Source/QuaternionMathFunctions" -I"/home/b/cleaner_ws/firmware/cleaner_uros/Source/StatisticsFunctions" -I"/home/b/cleaner_ws/firmware/cleaner_uros/Source/SupportFunctions" -I"/home/b/cleaner_ws/firmware/cleaner_uros/Source/SVMFunctions" -I"/home/b/cleaner_ws/firmware/cleaner_uros/Source/TransformFunctions" -I"/home/b/cleaner_ws/firmware/cleaner_uros/Source/WindowFunctions" -O0 -ffunction-sections -fdata-sections -Wall -fstack-usage -fcyclomatic-complexity -MMD -MP -MF"Middlewares/Third_Party/ARM_CMSIS/Source/SupportFunctions/SupportFunctionsF16.d" -MT"Middlewares/Third_Party/ARM_CMSIS/Source/SupportFunctions/SupportFunctionsF16.o" --specs=nano.specs -mfpu=fpv4-sp-d16 -mfloat-abi=hard -mthumb -o "Middlewares/Third_Party/ARM_CMSIS/Source/SupportFunctions/SupportFunctionsF16.o"
arm-none-eabi-gcc "../Middlewares/Third_Party/ARM_CMSIS/Source/StatisticsFunctions/StatisticsFunctions.c" -mcpu=cortex-m4 -std=gnu11 -g3 -DDEBUG -DUSE_HAL_DRIVER -DSTM32G474xx -c -I../Core/Inc -I../micro_ros_stm32cubemx_utils/microros_static_library_ide/libmicroros/include -I../Drivers/STM32G4xx_HAL_Driver/Inc -I../Drivers/STM32G4xx_HAL_Driver/Inc/Legacy -I../Drivers/CMSIS/Device/ST/STM32G4xx/Include -I../Drivers/CMSIS/Include -I../Middlewares/Third_Party/FreeRTOS/Source/include -I../Middlewares/Third_Party/FreeRTOS/Source/CMSIS_RTOS_V2 -I../Middlewares/Third_Party/FreeRTOS/Source/portable/GCC/ARM_CM4F -I../Middlewares/Third_Party/ARM_CMSIS/CMSIS/Core/Include/ -I../Middlewares/Third_Party/ARM_CMSIS/PrivateInclude/ -I../Middlewares/Third_Party/ARM_CMSIS/Include/ -I../Middlewares/Third_Party/ARM_CMSIS/Include -I"/home/b/cleaner_ws/firmware/cleaner_uros/Source/BasicMathFunctions" -I"/home/b/cleaner_ws/firmware/cleaner_uros/Source/BayesFunctions" -I"/home/b/cleaner_ws/firmware/cleaner_uros/Source/CommonTables" -I"/home/b/cleaner_ws/firmware/cleaner_uros/Source/ComplexMathFunctions" -I"/home/b/cleaner_ws/firmware/cleaner_uros/Source/ControllerFunctions" -I"/home/b/cleaner_ws/firmware/cleaner_uros/Source/DistanceFunctions" -I"/home/b/cleaner_ws/firmware/cleaner_uros/Source/FastMathFunctions" -I"/home/b/cleaner_ws/firmware/cleaner_uros/Source/FilteringFunctions" -I"/home/b/cleaner_ws/firmware/cleaner_uros/Source/InterpolationFunctions" -I"/home/b/cleaner_ws/firmware/cleaner_uros/Source/MatrixFunctions" -I"/home/b/cleaner_ws/firmware/cleaner_uros/Source/QuaternionMathFunctions" -I"/home/b/cleaner_ws/firmware/cleaner_uros/Source/StatisticsFunctions" -I"/home/b/cleaner_ws/firmware/cleaner_uros/Source/SupportFunctions" -I"/home/b/cleaner_ws/firmware/cleaner_uros/Source/SVMFunctions" -I"/home/b/cleaner_ws/firmware/cleaner_uros/Source/TransformFunctions" -I"/home/b/cleaner_ws/firmware/cleaner_uros/Source/WindowFunctions" -O0 -ffunction-sections -fdata-sections -Wall -fstack-usage -fcyclomatic-complexity -MMD -MP -MF"Middlewares/Third_Party/ARM_CMSIS/Source/StatisticsFunctions/StatisticsFunctions.d" -MT"Middlewares/Third_Party/ARM_CMSIS/Source/StatisticsFunctions/StatisticsFunctions.o" --specs=nano.specs -mfpu=fpv4-sp-d16 -mfloat-abi=hard -mthumb -o "Middlewares/Third_Party/ARM_CMSIS/Source/StatisticsFunctions/StatisticsFunctions.o"
arm-none-eabi-gcc "../Middlewares/Third_Party/ARM_CMSIS/Source/StatisticsFunctions/StatisticsFunctionsF16.c" -mcpu=cortex-m4 -std=gnu11 -g3 -DDEBUG -DUSE_HAL_DRIVER -DSTM32G474xx -c -I../Core/Inc -I../micro_ros_stm32cubemx_utils/microros_static_library_ide/libmicroros/include -I../Drivers/STM32G4xx_HAL_Driver/Inc -I../Drivers/STM32G4xx_HAL_Driver/Inc/Legacy -I../Drivers/CMSIS/Device/ST/STM32G4xx/Include -I../Drivers/CMSIS/Include -I../Middlewares/Third_Party/FreeRTOS/Source/include -I../Middlewares/Third_Party/FreeRTOS/Source/CMSIS_RTOS_V2 -I../Middlewares/Third_Party/FreeRTOS/Source/portable/GCC/ARM_CM4F -I../Middlewares/Third_Party/ARM_CMSIS/CMSIS/Core/Include/ -I../Middlewares/Third_Party/ARM_CMSIS/PrivateInclude/ -I../Middlewares/Third_Party/ARM_CMSIS/Include/ -I../Middlewares/Third_Party/ARM_CMSIS/Include -I"/home/b/cleaner_ws/firmware/cleaner_uros/Source/BasicMathFunctions" -I"/home/b/cleaner_ws/firmware/cleaner_uros/Source/BayesFunctions" -I"/home/b/cleaner_ws/firmware/cleaner_uros/Source/CommonTables" -I"/home/b/cleaner_ws/firmware/cleaner_uros/Source/ComplexMathFunctions" -I"/home/b/cleaner_ws/firmware/cleaner_uros/Source/ControllerFunctions" -I"/home/b/cleaner_ws/firmware/cleaner_uros/Source/DistanceFunctions" -I"/home/b/cleaner_ws/firmware/cleaner_uros/Source/FastMathFunctions" -I"/home/b/cleaner_ws/firmware/cleaner_uros/Source/FilteringFunctions" -I"/home/b/cleaner_ws/firmware/cleaner_uros/Source/InterpolationFunctions" -I"/home/b/cleaner_ws/firmware/cleaner_uros/Source/MatrixFunctions" -I"/home/b/cleaner_ws/firmware/cleaner_uros/Source/QuaternionMathFunctions" -I"/home/b/cleaner_ws/firmware/cleaner_uros/Source/StatisticsFunctions" -I"/home/b/cleaner_ws/firmware/cleaner_uros/Source/SupportFunctions" -I"/home/b/cleaner_ws/firmware/cleaner_uros/Source/SVMFunctions" -I"/home/b/cleaner_ws/firmware/cleaner_uros/Source/TransformFunctions" -I"/home/b/cleaner_ws/firmware/cleaner_uros/Source/WindowFunctions" -O0 -ffunction-sections -fdata-sections -Wall -fstack-usage -fcyclomatic-complexity -MMD -MP -MF"Middlewares/Third_Party/ARM_CMSIS/Source/StatisticsFunctions/StatisticsFunctionsF16.d" -MT"Middlewares/Third_Party/ARM_CMSIS/Source/StatisticsFunctions/StatisticsFunctionsF16.o" --specs=nano.specs -mfpu=fpv4-sp-d16 -mfloat-abi=hard -mthumb -o "Middlewares/Third_Party/ARM_CMSIS/Source/StatisticsFunctions/StatisticsFunctionsF16.o"
arm-none-eabi-gcc "../Middlewares/Third_Party/ARM_CMSIS/Source/SVMFunctions/SVMFunctions.c" -mcpu=cortex-m4 -std=gnu11 -g3 -DDEBUG -DUSE_HAL_DRIVER -DSTM32G474xx -c -I../Core/Inc -I../micro_ros_stm32cubemx_utils/microros_static_library_ide/libmicroros/include -I../Drivers/STM32G4xx_HAL_Driver/Inc -I../Drivers/STM32G4xx_HAL_Driver/Inc/Legacy -I../Drivers/CMSIS/Device/ST/STM32G4xx/Include -I../Drivers/CMSIS/Include -I../Middlewares/Third_Party/FreeRTOS/Source/include -I../Middlewares/Third_Party/FreeRTOS/Source/CMSIS_RTOS_V2 -I../Middlewares/Third_Party/FreeRTOS/Source/portable/GCC/ARM_CM4F -I../Middlewares/Third_Party/ARM_CMSIS/CMSIS/Core/Include/ -I../Middlewares/Third_Party/ARM_CMSIS/PrivateInclude/ -I../Middlewares/Third_Party/ARM_CMSIS/Include/ -I../Middlewares/Third_Party/ARM_CMSIS/Include -I"/home/b/cleaner_ws/firmware/cleaner_uros/Source/BasicMathFunctions" -I"/home/b/cleaner_ws/firmware/cleaner_uros/Source/BayesFunctions" -I"/home/b/cleaner_ws/firmware/cleaner_uros/Source/CommonTables" -I"/home/b/cleaner_ws/firmware/cleaner_uros/Source/ComplexMathFunctions" -I"/home/b/cleaner_ws/firmware/cleaner_uros/Source/ControllerFunctions" -I"/home/b/cleaner_ws/firmware/cleaner_uros/Source/DistanceFunctions" -I"/home/b/cleaner_ws/firmware/cleaner_uros/Source/FastMathFunctions" -I"/home/b/cleaner_ws/firmware/cleaner_uros/Source/FilteringFunctions" -I"/home/b/cleaner_ws/firmware/cleaner_uros/Source/InterpolationFunctions" -I"/home/b/cleaner_ws/firmware/cleaner_uros/Source/MatrixFunctions" -I"/home/b/cleaner_ws/firmware/cleaner_uros/Source/QuaternionMathFunctions" -I"/home/b/cleaner_ws/firmware/cleaner_uros/Source/StatisticsFunctions" -I"/home/b/cleaner_ws/firmware/cleaner_uros/Source/SupportFunctions" -I"/home/b/cleaner_ws/firmware/cleaner_uros/Source/SVMFunctions" -I"/home/b/cleaner_ws/firmware/cleaner_uros/Source/TransformFunctions" -I"/home/b/cleaner_ws/firmware/cleaner_uros/Source/WindowFunctions" -O0 -ffunction-sections -fdata-sections -Wall -fstack-usage -fcyclomatic-complexity -MMD -MP -MF"Middlewares/Third_Party/ARM_CMSIS/Source/SVMFunctions/SVMFunctions.d" -MT"Middlewares/Third_Party/ARM_CMSIS/Source/SVMFunctions/SVMFunctions.o" --specs=nano.specs -mfpu=fpv4-sp-d16 -mfloat-abi=hard -mthumb -o "Middlewares/Third_Party/ARM_CMSIS/Source/SVMFunctions/SVMFunctions.o"
arm-none-eabi-gcc "../Middlewares/Third_Party/ARM_CMSIS/Source/SVMFunctions/SVMFunctionsF16.c" -mcpu=cortex-m4 -std=gnu11 -g3 -DDEBUG -DUSE_HAL_DRIVER -DSTM32G474xx -c -I../Core/Inc -I../micro_ros_stm32cubemx_utils/microros_static_library_ide/libmicroros/include -I../Drivers/STM32G4xx_HAL_Driver/Inc -I../Drivers/STM32G4xx_HAL_Driver/Inc/Legacy -I../Drivers/CMSIS/Device/ST/STM32G4xx/Include -I../Drivers/CMSIS/Include -I../Middlewares/Third_Party/FreeRTOS/Source/include -I../Middlewares/Third_Party/FreeRTOS/Source/CMSIS_RTOS_V2 -I../Middlewares/Third_Party/FreeRTOS/Source/portable/GCC/ARM_CM4F -I../Middlewares/Third_Party/ARM_CMSIS/CMSIS/Core/Include/ -I../Middlewares/Third_Party/ARM_CMSIS/PrivateInclude/ -I../Middlewares/Third_Party/ARM_CMSIS/Include/ -I../Middlewares/Third_Party/ARM_CMSIS/Include -I"/home/b/cleaner_ws/firmware/cleaner_uros/Source/BasicMathFunctions" -I"/home/b/cleaner_ws/firmware/cleaner_uros/Source/BayesFunctions" -I"/home/b/cleaner_ws/firmware/cleaner_uros/Source/CommonTables" -I"/home/b/cleaner_ws/firmware/cleaner_uros/Source/ComplexMathFunctions" -I"/home/b/cleaner_ws/firmware/cleaner_uros/Source/ControllerFunctions" -I"/home/b/cleaner_ws/firmware/cleaner_uros/Source/DistanceFunctions" -I"/home/b/cleaner_ws/firmware/cleaner_uros/Source/FastMathFunctions" -I"/home/b/cleaner_ws/firmware/cleaner_uros/Source/FilteringFunctions" -I"/home/b/cleaner_ws/firmware/cleaner_uros/Source/InterpolationFunctions" -I"/home/b/cleaner_ws/firmware/cleaner_uros/Source/MatrixFunctions" -I"/home/b/cleaner_ws/firmware/cleaner_uros/Source/QuaternionMathFunctions" -I"/home/b/cleaner_ws/firmware/cleaner_uros/Source/StatisticsFunctions" -I"/home/b/cleaner_ws/firmware/cleaner_uros/Source/SupportFunctions" -I"/home/b/cleaner_ws/firmware/cleaner_uros/Source/SVMFunctions" -I"/home/b/cleaner_ws/firmware/cleaner_uros/Source/TransformFunctions" -I"/home/b/cleaner_ws/firmware/cleaner_uros/Source/WindowFunctions" -O0 -ffunction-sections -fdata-sections -Wall -fstack-usage -fcyclomatic-complexity -MMD -MP -MF"Middlewares/Third_Party/ARM_CMSIS/Source/SVMFunctions/SVMFunctionsF16.d" -MT"Middlewares/Third_Party/ARM_CMSIS/Source/SVMFunctions/SVMFunctionsF16.o" --specs=nano.specs -mfpu=fpv4-sp-d16 -mfloat-abi=hard -mthumb -o "Middlewares/Third_Party/ARM_CMSIS/Source/SVMFunctions/SVMFunctionsF16.o"
arm-none-eabi-gcc "../Middlewares/Third_Party/ARM_CMSIS/Source/QuaternionMathFunctions/QuaternionMathFunctions.c" -mcpu=cortex-m4 -std=gnu11 -g3 -DDEBUG -DUSE_HAL_DRIVER -DSTM32G474xx -c -I../Core/Inc -I../micro_ros_stm32cubemx_utils/microros_static_library_ide/libmicroros/include -I../Drivers/STM32G4xx_HAL_Driver/Inc -I../Drivers/STM32G4xx_HAL_Driver/Inc/Legacy -I../Drivers/CMSIS/Device/ST/STM32G4xx/Include -I../Drivers/CMSIS/Include -I../Middlewares/Third_Party/FreeRTOS/Source/include -I../Middlewares/Third_Party/FreeRTOS/Source/CMSIS_RTOS_V2 -I../Middlewares/Third_Party/FreeRTOS/Source/portable/GCC/ARM_CM4F -I../Middlewares/Third_Party/ARM_CMSIS/CMSIS/Core/Include/ -I../Middlewares/Third_Party/ARM_CMSIS/PrivateInclude/ -I../Middlewares/Third_Party/ARM_CMSIS/Include/ -I../Middlewares/Third_Party/ARM_CMSIS/Include -I"/home/b/cleaner_ws/firmware/cleaner_uros/Source/BasicMathFunctions" -I"/home/b/cleaner_ws/firmware/cleaner_uros/Source/BayesFunctions" -I"/home/b/cleaner_ws/firmware/cleaner_uros/Source/CommonTables" -I"/home/b/cleaner_ws/firmware/cleaner_uros/Source/ComplexMathFunctions" -I"/home/b/cleaner_ws/firmware/cleaner_uros/Source/ControllerFunctions" -I"/home/b/cleaner_ws/firmware/cleaner_uros/Source/DistanceFunctions" -I"/home/b/cleaner_ws/firmware/cleaner_uros/Source/FastMathFunctions" -I"/home/b/cleaner_ws/firmware/cleaner_uros/Source/FilteringFunctions" -I"/home/b/cleaner_ws/firmware/cleaner_uros/Source/InterpolationFunctions" -I"/home/b/cleaner_ws/firmware/cleaner_uros/Source/MatrixFunctions" -I"/home/b/cleaner_ws/firmware/cleaner_uros/Source/QuaternionMathFunctions" -I"/home/b/cleaner_ws/firmware/cleaner_uros/Source/StatisticsFunctions" -I"/home/b/cleaner_ws/firmware/cleaner_uros/Source/SupportFunctions" -I"/home/b/cleaner_ws/firmware/cleaner_uros/Source/SVMFunctions" -I"/home/b/cleaner_ws/firmware/cleaner_uros/Source/TransformFunctions" -I"/home/b/cleaner_ws/firmware/cleaner_uros/Source/WindowFunctions" -O0 -ffunction-sections -fdata-sections -Wall -fstack-usage -fcyclomatic-complexity -MMD -MP -MF"Middlewares/Third_Party/ARM_CMSIS/Source/QuaternionMathFunctions/QuaternionMathFunctions.d" -MT"Middlewares/Third_Party/ARM_CMSIS/Source/QuaternionMathFunctions/QuaternionMathFunctions.o" --specs=nano.specs -mfpu=fpv4-sp-d16 -mfloat-abi=hard -mthumb -o "Middlewares/Third_Party/ARM_CMSIS/Source/QuaternionMathFunctions/QuaternionMathFunctions.o"
arm-none-eabi-gcc "../Middlewares/Third_Party/ARM_CMSIS/Source/MatrixFunctions/MatrixFunctions.c" -mcpu=cortex-m4 -std=gnu11 -g3 -DDEBUG -DUSE_HAL_DRIVER -DSTM32G474xx -c -I../Core/Inc -I../micro_ros_stm32cubemx_utils/microros_static_library_ide/libmicroros/include -I../Drivers/STM32G4xx_HAL_Driver/Inc -I../Drivers/STM32G4xx_HAL_Driver/Inc/Legacy -I../Drivers/CMSIS/Device/ST/STM32G4xx/Include -I../Drivers/CMSIS/Include -I../Middlewares/Third_Party/FreeRTOS/Source/include -I../Middlewares/Third_Party/FreeRTOS/Source/CMSIS_RTOS_V2 -I../Middlewares/Third_Party/FreeRTOS/Source/portable/GCC/ARM_CM4F -I../Middlewares/Third_Party/ARM_CMSIS/CMSIS/Core/Include/ -I../Middlewares/Third_Party/ARM_CMSIS/PrivateInclude/ -I../Middlewares/Third_Party/ARM_CMSIS/Include/ -I../Middlewares/Third_Party/ARM_CMSIS/Include -I"/home/b/cleaner_ws/firmware/cleaner_uros/Source/BasicMathFunctions" -I"/home/b/cleaner_ws/firmware/cleaner_uros/Source/BayesFunctions" -I"/home/b/cleaner_ws/firmware/cleaner_uros/Source/CommonTables" -I"/home/b/cleaner_ws/firmware/cleaner_uros/Source/ComplexMathFunctions" -I"/home/b/cleaner_ws/firmware/cleaner_uros/Source/ControllerFunctions" -I"/home/b/cleaner_ws/firmware/cleaner_uros/Source/DistanceFunctions" -I"/home/b/cleaner_ws/firmware/cleaner_uros/Source/FastMathFunctions" -I"/home/b/cleaner_ws/firmware/cleaner_uros/Source/FilteringFunctions" -I"/home/b/cleaner_ws/firmware/cleaner_uros/Source/InterpolationFunctions" -I"/home/b/cleaner_ws/firmware/cleaner_uros/Source/MatrixFunctions" -I"/home/b/cleaner_ws/firmware/cleaner_uros/Source/QuaternionMathFunctions" -I"/home/b/cleaner_ws/firmware/cleaner_uros/Source/StatisticsFunctions" -I"/home/b/cleaner_ws/firmware/cleaner_uros/Source/SupportFunctions" -I"/home/b/cleaner_ws/firmware/cleaner_uros/Source/SVMFunctions" -I"/home/b/cleaner_ws/firmware/cleaner_uros/Source/TransformFunctions" -I"/home/b/cleaner_ws/firmware/cleaner_uros/Source/WindowFunctions" -O0 -ffunction-sections -fdata-sections -Wall -fstack-usage -fcyclomatic-complexity -MMD -MP -MF"Middlewares/Third_Party/ARM_CMSIS/Source/MatrixFunctions/MatrixFunctions.d" -MT"Middlewares/Third_Party/ARM_CMSIS/Source/MatrixFunctions/MatrixFunctions.o" --specs=nano.specs -mfpu=fpv4-sp-d16 -mfloat-abi=hard -mthumb -o "Middlewares/Third_Party/ARM_CMSIS/Source/MatrixFunctions/MatrixFunctions.o"
arm-none-eabi-gcc "../Middlewares/Third_Party/ARM_CMSIS/Source/MatrixFunctions/MatrixFunctionsF16.c" -mcpu=cortex-m4 -std=gnu11 -g3 -DDEBUG -DUSE_HAL_DRIVER -DSTM32G474xx -c -I../Core/Inc -I../micro_ros_stm32cubemx_utils/microros_static_library_ide/libmicroros/include -I../Drivers/STM32G4xx_HAL_Driver/Inc -I../Drivers/STM32G4xx_HAL_Driver/Inc/Legacy -I../Drivers/CMSIS/Device/ST/STM32G4xx/Include -I../Drivers/CMSIS/Include -I../Middlewares/Third_Party/FreeRTOS/Source/include -I../Middlewares/Third_Party/FreeRTOS/Source/CMSIS_RTOS_V2 -I../Middlewares/Third_Party/FreeRTOS/Source/portable/GCC/ARM_CM4F -I../Middlewares/Third_Party/ARM_CMSIS/CMSIS/Core/Include/ -I../Middlewares/Third_Party/ARM_CMSIS/PrivateInclude/ -I../Middlewares/Third_Party/ARM_CMSIS/Include/ -I../Middlewares/Third_Party/ARM_CMSIS/Include -I"/home/b/cleaner_ws/firmware/cleaner_uros/Source/BasicMathFunctions" -I"/home/b/cleaner_ws/firmware/cleaner_uros/Source/BayesFunctions" -I"/home/b/cleaner_ws/firmware/cleaner_uros/Source/CommonTables" -I"/home/b/cleaner_ws/firmware/cleaner_uros/Source/ComplexMathFunctions" -I"/home/b/cleaner_ws/firmware/cleaner_uros/Source/ControllerFunctions" -I"/home/b/cleaner_ws/firmware/cleaner_uros/Source/DistanceFunctions" -I"/home/b/cleaner_ws/firmware/cleaner_uros/Source/FastMathFunctions" -I"/home/b/cleaner_ws/firmware/cleaner_uros/Source/FilteringFunctions" -I"/home/b/cleaner_ws/firmware/cleaner_uros/Source/InterpolationFunctions" -I"/home/b/cleaner_ws/firmware/cleaner_uros/Source/MatrixFunctions" -I"/home/b/cleaner_ws/firmware/cleaner_uros/Source/QuaternionMathFunctions" -I"/home/b/cleaner_ws/firmware/cleaner_uros/Source/StatisticsFunctions" -I"/home/b/cleaner_ws/firmware/cleaner_uros/Source/SupportFunctions" -I"/home/b/cleaner_ws/firmware/cleaner_uros/Source/SVMFunctions" -I"/home/b/cleaner_ws/firmware/cleaner_uros/Source/TransformFunctions" -I"/home/b/cleaner_ws/firmware/cleaner_uros/Source/WindowFunctions" -O0 -ffunction-sections -fdata-sections -Wall -fstack-usage -fcyclomatic-complexity -MMD -MP -MF"Middlewares/Third_Party/ARM_CMSIS/Source/MatrixFunctions/MatrixFunctionsF16.d" -MT"Middlewares/Third_Party/ARM_CMSIS/Source/MatrixFunctions/MatrixFunctionsF16.o" --specs=nano.specs -mfpu=fpv4-sp-d16 -mfloat-abi=hard -mthumb -o "Middlewares/Third_Party/ARM_CMSIS/Source/MatrixFunctions/MatrixFunctionsF16.o"
arm-none-eabi-gcc "../Middlewares/Third_Party/ARM_CMSIS/Source/InterpolationFunctions/InterpolationFunctions.c" -mcpu=cortex-m4 -std=gnu11 -g3 -DDEBUG -DUSE_HAL_DRIVER -DSTM32G474xx -c -I../Core/Inc -I../micro_ros_stm32cubemx_utils/microros_static_library_ide/libmicroros/include -I../Drivers/STM32G4xx_HAL_Driver/Inc -I../Drivers/STM32G4xx_HAL_Driver/Inc/Legacy -I../Drivers/CMSIS/Device/ST/STM32G4xx/Include -I../Drivers/CMSIS/Include -I../Middlewares/Third_Party/FreeRTOS/Source/include -I../Middlewares/Third_Party/FreeRTOS/Source/CMSIS_RTOS_V2 -I../Middlewares/Third_Party/FreeRTOS/Source/portable/GCC/ARM_CM4F -I../Middlewares/Third_Party/ARM_CMSIS/CMSIS/Core/Include/ -I../Middlewares/Third_Party/ARM_CMSIS/PrivateInclude/ -I../Middlewares/Third_Party/ARM_CMSIS/Include/ -I../Middlewares/Third_Party/ARM_CMSIS/Include -I"/home/b/cleaner_ws/firmware/cleaner_uros/Source/BasicMathFunctions" -I"/home/b/cleaner_ws/firmware/cleaner_uros/Source/BayesFunctions" -I"/home/b/cleaner_ws/firmware/cleaner_uros/Source/CommonTables" -I"/home/b/cleaner_ws/firmware/cleaner_uros/Source/ComplexMathFunctions" -I"/home/b/cleaner_ws/firmware/cleaner_uros/Source/ControllerFunctions" -I"/home/b/cleaner_ws/firmware/cleaner_uros/Source/DistanceFunctions" -I"/home/b/cleaner_ws/firmware/cleaner_uros/Source/FastMathFunctions" -I"/home/b/cleaner_ws/firmware/cleaner_uros/Source/FilteringFunctions" -I"/home/b/cleaner_ws/firmware/cleaner_uros/Source/InterpolationFunctions" -I"/home/b/cleaner_ws/firmware/cleaner_uros/Source/MatrixFunctions" -I"/home/b/cleaner_ws/firmware/cleaner_uros/Source/QuaternionMathFunctions" -I"/home/b/cleaner_ws/firmware/cleaner_uros/Source/StatisticsFunctions" -I"/home/b/cleaner_ws/firmware/cleaner_uros/Source/SupportFunctions" -I"/home/b/cleaner_ws/firmware/cleaner_uros/Source/SVMFunctions" -I"/home/b/cleaner_ws/firmware/cleaner_uros/Source/TransformFunctions" -I"/home/b/cleaner_ws/firmware/cleaner_uros/Source/WindowFunctions" -O0 -ffunction-sections -fdata-sections -Wall -fstack-usage -fcyclomatic-complexity -MMD -MP -MF"Middlewares/Third_Party/ARM_CMSIS/Source/InterpolationFunctions/InterpolationFunctions.d" -MT"Middlewares/Third_Party/ARM_CMSIS/Source/InterpolationFunctions/InterpolationFunctions.o" --specs=nano.specs -mfpu=fpv4-sp-d16 -mfloat-abi=hard -mthumb -o "Middlewares/Third_Party/ARM_CMSIS/Source/InterpolationFunctions/InterpolationFunctions.o"
arm-none-eabi-gcc "../Middlewares/Third_Party/ARM_CMSIS/Source/InterpolationFunctions/InterpolationFunctionsF16.c" -mcpu=cortex-m4 -std=gnu11 -g3 -DDEBUG -DUSE_HAL_DRIVER -DSTM32G474xx -c -I../Core/Inc -I../micro_ros_stm32cubemx_utils/microros_static_library_ide/libmicroros/include -I../Drivers/STM32G4xx_HAL_Driver/Inc -I../Drivers/STM32G4xx_HAL_Driver/Inc/Legacy -I../Drivers/CMSIS/Device/ST/STM32G4xx/Include -I../Drivers/CMSIS/Include -I../Middlewares/Third_Party/FreeRTOS/Source/include -I../Middlewares/Third_Party/FreeRTOS/Source/CMSIS_RTOS_V2 -I../Middlewares/Third_Party/FreeRTOS/Source/portable/GCC/ARM_CM4F -I../Middlewares/Third_Party/ARM_CMSIS/CMSIS/Core/Include/ -I../Middlewares/Third_Party/ARM_CMSIS/PrivateInclude/ -I../Middlewares/Third_Party/ARM_CMSIS/Include/ -I../Middlewares/Third_Party/ARM_CMSIS/Include -I"/home/b/cleaner_ws/firmware/cleaner_uros/Source/BasicMathFunctions" -I"/home/b/cleaner_ws/firmware/cleaner_uros/Source/BayesFunctions" -I"/home/b/cleaner_ws/firmware/cleaner_uros/Source/CommonTables" -I"/home/b/cleaner_ws/firmware/cleaner_uros/Source/ComplexMathFunctions" -I"/home/b/cleaner_ws/firmware/cleaner_uros/Source/ControllerFunctions" -I"/home/b/cleaner_ws/firmware/cleaner_uros/Source/DistanceFunctions" -I"/home/b/cleaner_ws/firmware/cleaner_uros/Source/FastMathFunctions" -I"/home/b/cleaner_ws/firmware/cleaner_uros/Source/FilteringFunctions" -I"/home/b/cleaner_ws/firmware/cleaner_uros/Source/InterpolationFunctions" -I"/home/b/cleaner_ws/firmware/cleaner_uros/Source/MatrixFunctions" -I"/home/b/cleaner_ws/firmware/cleaner_uros/Source/QuaternionMathFunctions" -I"/home/b/cleaner_ws/firmware/cleaner_uros/Source/StatisticsFunctions" -I"/home/b/cleaner_ws/firmware/cleaner_uros/Source/SupportFunctions" -I"/home/b/cleaner_ws/firmware/cleaner_uros/Source/SVMFunctions" -I"/home/b/cleaner_ws/firmware/cleaner_uros/Source/TransformFunctions" -I"/home/b/cleaner_ws/firmware/cleaner_uros/Source/WindowFunctions" -O0 -ffunction-sections -fdata-sections -Wall -fstack-usage -fcyclomatic-complexity -MMD -MP -MF"Middlewares/Third_Party/ARM_CMSIS/Source/InterpolationFunctions/InterpolationFunctionsF16.d" -MT"Middlewares/Third_Party/ARM_CMSIS/Source/InterpolationFunctions/InterpolationFunctionsF16.o" --specs=nano.specs -mfpu=fpv4-sp-d16 -mfloat-abi=hard -mthumb -o "Middlewares/Third_Party/ARM_CMSIS/Source/InterpolationFunctions/InterpolationFunctionsF16.o"
arm-none-eabi-gcc "../Middlewares/Third_Party/ARM_CMSIS/Source/FilteringFunctions/FilteringFunctions.c" -mcpu=cortex-m4 -std=gnu11 -g3 -DDEBUG -DUSE_HAL_DRIVER -DSTM32G474xx -c -I../Core/Inc -I../micro_ros_stm32cubemx_utils/microros_static_library_ide/libmicroros/include -I../Drivers/STM32G4xx_HAL_Driver/Inc -I../Drivers/STM32G4xx_HAL_Driver/Inc/Legacy -I../Drivers/CMSIS/Device/ST/STM32G4xx/Include -I../Drivers/CMSIS/Include -I../Middlewares/Third_Party/FreeRTOS/Source/include -I../Middlewares/Third_Party/FreeRTOS/Source/CMSIS_RTOS_V2 -I../Middlewares/Third_Party/FreeRTOS/Source/portable/GCC/ARM_CM4F -I../Middlewares/Third_Party/ARM_CMSIS/CMSIS/Core/Include/ -I../Middlewares/Third_Party/ARM_CMSIS/PrivateInclude/ -I../Middlewares/Third_Party/ARM_CMSIS/Include/ -I../Middlewares/Third_Party/ARM_CMSIS/Include -I"/home/b/cleaner_ws/firmware/cleaner_uros/Source/BasicMathFunctions" -I"/home/b/cleaner_ws/firmware/cleaner_uros/Source/BayesFunctions" -I"/home/b/cleaner_ws/firmware/cleaner_uros/Source/CommonTables" -I"/home/b/cleaner_ws/firmware/cleaner_uros/Source/ComplexMathFunctions" -I"/home/b/cleaner_ws/firmware/cleaner_uros/Source/ControllerFunctions" -I"/home/b/cleaner_ws/firmware/cleaner_uros/Source/DistanceFunctions" -I"/home/b/cleaner_ws/firmware/cleaner_uros/Source/FastMathFunctions" -I"/home/b/cleaner_ws/firmware/cleaner_uros/Source/FilteringFunctions" -I"/home/b/cleaner_ws/firmware/cleaner_uros/Source/InterpolationFunctions" -I"/home/b/cleaner_ws/firmware/cleaner_uros/Source/MatrixFunctions" -I"/home/b/cleaner_ws/firmware/cleaner_uros/Source/QuaternionMathFunctions" -I"/home/b/cleaner_ws/firmware/cleaner_uros/Source/StatisticsFunctions" -I"/home/b/cleaner_ws/firmware/cleaner_uros/Source/SupportFunctions" -I"/home/b/cleaner_ws/firmware/cleaner_uros/Source/SVMFunctions" -I"/home/b/cleaner_ws/firmware/cleaner_uros/Source/TransformFunctions" -I"/home/b/cleaner_ws/firmware/cleaner_uros/Source/WindowFunctions" -O0 -ffunction-sections -fdata-sections -Wall -fstack-usage -fcyclomatic-complexity -MMD -MP -MF"Middlewares/Third_Party/ARM_CMSIS/Source/FilteringFunctions/FilteringFunctions.d" -MT"Middlewares/Third_Party/ARM_CMSIS/Source/FilteringFunctions/FilteringFunctions.o" --specs=nano.specs -mfpu=fpv4-sp-d16 -mfloat-abi=hard -mthumb -o "Middlewares/Third_Party/ARM_CMSIS/Source/FilteringFunctions/FilteringFunctions.o"
arm-none-eabi-gcc "../Middlewares/Third_Party/ARM_CMSIS/Source/FilteringFunctions/FilteringFunctionsF16.c" -mcpu=cortex-m4 -std=gnu11 -g3 -DDEBUG -DUSE_HAL_DRIVER -DSTM32G474xx -c -I../Core/Inc -I../micro_ros_stm32cubemx_utils/microros_static_library_ide/libmicroros/include -I../Drivers/STM32G4xx_HAL_Driver/Inc -I../Drivers/STM32G4xx_HAL_Driver/Inc/Legacy -I../Drivers/CMSIS/Device/ST/STM32G4xx/Include -I../Drivers/CMSIS/Include -I../Middlewares/Third_Party/FreeRTOS/Source/include -I../Middlewares/Third_Party/FreeRTOS/Source/CMSIS_RTOS_V2 -I../Middlewares/Third_Party/FreeRTOS/Source/portable/GCC/ARM_CM4F -I../Middlewares/Third_Party/ARM_CMSIS/CMSIS/Core/Include/ -I../Middlewares/Third_Party/ARM_CMSIS/PrivateInclude/ -I../Middlewares/Third_Party/ARM_CMSIS/Include/ -I../Middlewares/Third_Party/ARM_CMSIS/Include -I"/home/b/cleaner_ws/firmware/cleaner_uros/Source/BasicMathFunctions" -I"/home/b/cleaner_ws/firmware/cleaner_uros/Source/BayesFunctions" -I"/home/b/cleaner_ws/firmware/cleaner_uros/Source/CommonTables" -I"/home/b/cleaner_ws/firmware/cleaner_uros/Source/ComplexMathFunctions" -I"/home/b/cleaner_ws/firmware/cleaner_uros/Source/ControllerFunctions" -I"/home/b/cleaner_ws/firmware/cleaner_uros/Source/DistanceFunctions" -I"/home/b/cleaner_ws/firmware/cleaner_uros/Source/FastMathFunctions" -I"/home/b/cleaner_ws/firmware/cleaner_uros/Source/FilteringFunctions" -I"/home/b/cleaner_ws/firmware/cleaner_uros/Source/InterpolationFunctions" -I"/home/b/cleaner_ws/firmware/cleaner_uros/Source/MatrixFunctions" -I"/home/b/cleaner_ws/firmware/cleaner_uros/Source/QuaternionMathFunctions" -I"/home/b/cleaner_ws/firmware/cleaner_uros/Source/StatisticsFunctions" -I"/home/b/cleaner_ws/firmware/cleaner_uros/Source/SupportFunctions" -I"/home/b/cleaner_ws/firmware/cleaner_uros/Source/SVMFunctions" -I"/home/b/cleaner_ws/firmware/cleaner_uros/Source/TransformFunctions" -I"/home/b/cleaner_ws/firmware/cleaner_uros/Source/WindowFunctions" -O0 -ffunction-sections -fdata-sections -Wall -fstack-usage -fcyclomatic-complexity -MMD -MP -MF"Middlewares/Third_Party/ARM_CMSIS/Source/FilteringFunctions/FilteringFunctionsF16.d" -MT"Middlewares/Third_Party/ARM_CMSIS/Source/FilteringFunctions/FilteringFunctionsF16.o" --specs=nano.specs -mfpu=fpv4-sp-d16 -mfloat-abi=hard -mthumb -o "Middlewares/Third_Party/ARM_CMSIS/Source/FilteringFunctions/FilteringFunctionsF16.o"
arm-none-eabi-gcc "../Middlewares/Third_Party/ARM_CMSIS/Source/FastMathFunctions/FastMathFunctions.c" -mcpu=cortex-m4 -std=gnu11 -g3 -DDEBUG -DUSE_HAL_DRIVER -DSTM32G474xx -c -I../Core/Inc -I../micro_ros_stm32cubemx_utils/microros_static_library_ide/libmicroros/include -I../Drivers/STM32G4xx_HAL_Driver/Inc -I../Drivers/STM32G4xx_HAL_Driver/Inc/Legacy -I../Drivers/CMSIS/Device/ST/STM32G4xx/Include -I../Drivers/CMSIS/Include -I../Middlewares/Third_Party/FreeRTOS/Source/include -I../Middlewares/Third_Party/FreeRTOS/Source/CMSIS_RTOS_V2 -I../Middlewares/Third_Party/FreeRTOS/Source/portable/GCC/ARM_CM4F -I../Middlewares/Third_Party/ARM_CMSIS/CMSIS/Core/Include/ -I../Middlewares/Third_Party/ARM_CMSIS/PrivateInclude/ -I../Middlewares/Third_Party/ARM_CMSIS/Include/ -I../Middlewares/Third_Party/ARM_CMSIS/Include -I"/home/b/cleaner_ws/firmware/cleaner_uros/Source/BasicMathFunctions" -I"/home/b/cleaner_ws/firmware/cleaner_uros/Source/BayesFunctions" -I"/home/b/cleaner_ws/firmware/cleaner_uros/Source/CommonTables" -I"/home/b/cleaner_ws/firmware/cleaner_uros/Source/ComplexMathFunctions" -I"/home/b/cleaner_ws/firmware/cleaner_uros/Source/ControllerFunctions" -I"/home/b/cleaner_ws/firmware/cleaner_uros/Source/DistanceFunctions" -I"/home/b/cleaner_ws/firmware/cleaner_uros/Source/FastMathFunctions" -I"/home/b/cleaner_ws/firmware/cleaner_uros/Source/FilteringFunctions" -I"/home/b/cleaner_ws/firmware/cleaner_uros/Source/InterpolationFunctions" -I"/home/b/cleaner_ws/firmware/cleaner_uros/Source/MatrixFunctions" -I"/home/b/cleaner_ws/firmware/cleaner_uros/Source/QuaternionMathFunctions" -I"/home/b/cleaner_ws/firmware/cleaner_uros/Source/StatisticsFunctions" -I"/home/b/cleaner_ws/firmware/cleaner_uros/Source/SupportFunctions" -I"/home/b/cleaner_ws/firmware/cleaner_uros/Source/SVMFunctions" -I"/home/b/cleaner_ws/firmware/cleaner_uros/Source/TransformFunctions" -I"/home/b/cleaner_ws/firmware/cleaner_uros/Source/WindowFunctions" -O0 -ffunction-sections -fdata-sections -Wall -fstack-usage -fcyclomatic-complexity -MMD -MP -MF"Middlewares/Third_Party/ARM_CMSIS/Source/FastMathFunctions/FastMathFunctions.d" -MT"Middlewares/Third_Party/ARM_CMSIS/Source/FastMathFunctions/FastMathFunctions.o" --specs=nano.specs -mfpu=fpv4-sp-d16 -mfloat-abi=hard -mthumb -o "Middlewares/Third_Party/ARM_CMSIS/Source/FastMathFunctions/FastMathFunctions.o"
arm-none-eabi-gcc "../Middlewares/Third_Party/ARM_CMSIS/Source/FastMathFunctions/FastMathFunctionsF16.c" -mcpu=cortex-m4 -std=gnu11 -g3 -DDEBUG -DUSE_HAL_DRIVER -DSTM32G474xx -c -I../Core/Inc -I../micro_ros_stm32cubemx_utils/microros_static_library_ide/libmicroros/include -I../Drivers/STM32G4xx_HAL_Driver/Inc -I../Drivers/STM32G4xx_HAL_Driver/Inc/Legacy -I../Drivers/CMSIS/Device/ST/STM32G4xx/Include -I../Drivers/CMSIS/Include -I../Middlewares/Third_Party/FreeRTOS/Source/include -I../Middlewares/Third_Party/FreeRTOS/Source/CMSIS_RTOS_V2 -I../Middlewares/Third_Party/FreeRTOS/Source/portable/GCC/ARM_CM4F -I../Middlewares/Third_Party/ARM_CMSIS/CMSIS/Core/Include/ -I../Middlewares/Third_Party/ARM_CMSIS/PrivateInclude/ -I../Middlewares/Third_Party/ARM_CMSIS/Include/ -I../Middlewares/Third_Party/ARM_CMSIS/Include -I"/home/b/cleaner_ws/firmware/cleaner_uros/Source/BasicMathFunctions" -I"/home/b/cleaner_ws/firmware/cleaner_uros/Source/BayesFunctions" -I"/home/b/cleaner_ws/firmware/cleaner_uros/Source/CommonTables" -I"/home/b/cleaner_ws/firmware/cleaner_uros/Source/ComplexMathFunctions" -I"/home/b/cleaner_ws/firmware/cleaner_uros/Source/ControllerFunctions" -I"/home/b/cleaner_ws/firmware/cleaner_uros/Source/DistanceFunctions" -I"/home/b/cleaner_ws/firmware/cleaner_uros/Source/FastMathFunctions" -I"/home/b/cleaner_ws/firmware/cleaner_uros/Source/FilteringFunctions" -I"/home/b/cleaner_ws/firmware/cleaner_uros/Source/InterpolationFunctions" -I"/home/b/cleaner_ws/firmware/cleaner_uros/Source/MatrixFunctions" -I"/home/b/cleaner_ws/firmware/cleaner_uros/Source/QuaternionMathFunctions" -I"/home/b/cleaner_ws/firmware/cleaner_uros/Source/StatisticsFunctions" -I"/home/b/cleaner_ws/firmware/cleaner_uros/Source/SupportFunctions" -I"/home/b/cleaner_ws/firmware/cleaner_uros/Source/SVMFunctions" -I"/home/b/cleaner_ws/firmware/cleaner_uros/Source/TransformFunctions" -I"/home/b/cleaner_ws/firmware/cleaner_uros/Source/WindowFunctions" -O0 -ffunction-sections -fdata-sections -Wall -fstack-usage -fcyclomatic-complexity -MMD -MP -MF"Middlewares/Third_Party/ARM_CMSIS/Source/FastMathFunctions/FastMathFunctionsF16.d" -MT"Middlewares/Third_Party/ARM_CMSIS/Source/FastMathFunctions/FastMathFunctionsF16.o" --specs=nano.specs -mfpu=fpv4-sp-d16 -mfloat-abi=hard -mthumb -o "Middlewares/Third_Party/ARM_CMSIS/Source/FastMathFunctions/FastMathFunctionsF16.o"
arm-none-eabi-gcc "../Middlewares/Third_Party/ARM_CMSIS/Source/DistanceFunctions/DistanceFunctions.c" -mcpu=cortex-m4 -std=gnu11 -g3 -DDEBUG -DUSE_HAL_DRIVER -DSTM32G474xx -c -I../Core/Inc -I../micro_ros_stm32cubemx_utils/microros_static_library_ide/libmicroros/include -I../Drivers/STM32G4xx_HAL_Driver/Inc -I../Drivers/STM32G4xx_HAL_Driver/Inc/Legacy -I../Drivers/CMSIS/Device/ST/STM32G4xx/Include -I../Drivers/CMSIS/Include -I../Middlewares/Third_Party/FreeRTOS/Source/include -I../Middlewares/Third_Party/FreeRTOS/Source/CMSIS_RTOS_V2 -I../Middlewares/Third_Party/FreeRTOS/Source/portable/GCC/ARM_CM4F -I../Middlewares/Third_Party/ARM_CMSIS/CMSIS/Core/Include/ -I../Middlewares/Third_Party/ARM_CMSIS/PrivateInclude/ -I../Middlewares/Third_Party/ARM_CMSIS/Include/ -I../Middlewares/Third_Party/ARM_CMSIS/Include -I"/home/b/cleaner_ws/firmware/cleaner_uros/Source/BasicMathFunctions" -I"/home/b/cleaner_ws/firmware/cleaner_uros/Source/BayesFunctions" -I"/home/b/cleaner_ws/firmware/cleaner_uros/Source/CommonTables" -I"/home/b/cleaner_ws/firmware/cleaner_uros/Source/ComplexMathFunctions" -I"/home/b/cleaner_ws/firmware/cleaner_uros/Source/ControllerFunctions" -I"/home/b/cleaner_ws/firmware/cleaner_uros/Source/DistanceFunctions" -I"/home/b/cleaner_ws/firmware/cleaner_uros/Source/FastMathFunctions" -I"/home/b/cleaner_ws/firmware/cleaner_uros/Source/FilteringFunctions" -I"/home/b/cleaner_ws/firmware/cleaner_uros/Source/InterpolationFunctions" -I"/home/b/cleaner_ws/firmware/cleaner_uros/Source/MatrixFunctions" -I"/home/b/cleaner_ws/firmware/cleaner_uros/Source/QuaternionMathFunctions" -I"/home/b/cleaner_ws/firmware/cleaner_uros/Source/StatisticsFunctions" -I"/home/b/cleaner_ws/firmware/cleaner_uros/Source/SupportFunctions" -I"/home/b/cleaner_ws/firmware/cleaner_uros/Source/SVMFunctions" -I"/home/b/cleaner_ws/firmware/cleaner_uros/Source/TransformFunctions" -I"/home/b/cleaner_ws/firmware/cleaner_uros/Source/WindowFunctions" -O0 -ffunction-sections -fdata-sections -Wall -fstack-usage -fcyclomatic-complexity -MMD -MP -MF"Middlewares/Third_Party/ARM_CMSIS/Source/DistanceFunctions/DistanceFunctions.d" -MT"Middlewares/Third_Party/ARM_CMSIS/Source/DistanceFunctions/DistanceFunctions.o" --specs=nano.specs -mfpu=fpv4-sp-d16 -mfloat-abi=hard -mthumb -o "Middlewares/Third_Party/ARM_CMSIS/Source/DistanceFunctions/DistanceFunctions.o"
arm-none-eabi-gcc "../Middlewares/Third_Party/ARM_CMSIS/Source/DistanceFunctions/DistanceFunctionsF16.c" -mcpu=cortex-m4 -std=gnu11 -g3 -DDEBUG -DUSE_HAL_DRIVER -DSTM32G474xx -c -I../Core/Inc -I../micro_ros_stm32cubemx_utils/microros_static_library_ide/libmicroros/include -I../Drivers/STM32G4xx_HAL_Driver/Inc -I../Drivers/STM32G4xx_HAL_Driver/Inc/Legacy -I../Drivers/CMSIS/Device/ST/STM32G4xx/Include -I../Drivers/CMSIS/Include -I../Middlewares/Third_Party/FreeRTOS/Source/include -I../Middlewares/Third_Party/FreeRTOS/Source/CMSIS_RTOS_V2 -I../Middlewares/Third_Party/FreeRTOS/Source/portable/GCC/ARM_CM4F -I../Middlewares/Third_Party/ARM_CMSIS/CMSIS/Core/Include/ -I../Middlewares/Third_Party/ARM_CMSIS/PrivateInclude/ -I../Middlewares/Third_Party/ARM_CMSIS/Include/ -I../Middlewares/Third_Party/ARM_CMSIS/Include -I"/home/b/cleaner_ws/firmware/cleaner_uros/Source/BasicMathFunctions" -I"/home/b/cleaner_ws/firmware/cleaner_uros/Source/BayesFunctions" -I"/home/b/cleaner_ws/firmware/cleaner_uros/Source/CommonTables" -I"/home/b/cleaner_ws/firmware/cleaner_uros/Source/ComplexMathFunctions" -I"/home/b/cleaner_ws/firmware/cleaner_uros/Source/ControllerFunctions" -I"/home/b/cleaner_ws/firmware/cleaner_uros/Source/DistanceFunctions" -I"/home/b/cleaner_ws/firmware/cleaner_uros/Source/FastMathFunctions" -I"/home/b/cleaner_ws/firmware/cleaner_uros/Source/FilteringFunctions" -I"/home/b/cleaner_ws/firmware/cleaner_uros/Source/InterpolationFunctions" -I"/home/b/cleaner_ws/firmware/cleaner_uros/Source/MatrixFunctions" -I"/home/b/cleaner_ws/firmware/cleaner_uros/Source/QuaternionMathFunctions" -I"/home/b/cleaner_ws/firmware/cleaner_uros/Source/StatisticsFunctions" -I"/home/b/cleaner_ws/firmware/cleaner_uros/Source/SupportFunctions" -I"/home/b/cleaner_ws/firmware/cleaner_uros/Source/SVMFunctions" -I"/home/b/cleaner_ws/firmware/cleaner_uros/Source/TransformFunctions" -I"/home/b/cleaner_ws/firmware/cleaner_uros/Source/WindowFunctions" -O0 -ffunction-sections -fdata-sections -Wall -fstack-usage -fcyclomatic-complexity -MMD -MP -MF"Middlewares/Third_Party/ARM_CMSIS/Source/DistanceFunctions/DistanceFunctionsF16.d" -MT"Middlewares/Third_Party/ARM_CMSIS/Source/DistanceFunctions/DistanceFunctionsF16.o" --specs=nano.specs -mfpu=fpv4-sp-d16 -mfloat-abi=hard -mthumb -o "Middlewares/Third_Party/ARM_CMSIS/Source/DistanceFunctions/DistanceFunctionsF16.o"
arm-none-eabi-gcc "../Middlewares/Third_Party/ARM_CMSIS/Source/ControllerFunctions/ControllerFunctions.c" -mcpu=cortex-m4 -std=gnu11 -g3 -DDEBUG -DUSE_HAL_DRIVER -DSTM32G474xx -c -I../Core/Inc -I../micro_ros_stm32cubemx_utils/microros_static_library_ide/libmicroros/include -I../Drivers/STM32G4xx_HAL_Driver/Inc -I../Drivers/STM32G4xx_HAL_Driver/Inc/Legacy -I../Drivers/CMSIS/Device/ST/STM32G4xx/Include -I../Drivers/CMSIS/Include -I../Middlewares/Third_Party/FreeRTOS/Source/include -I../Middlewares/Third_Party/FreeRTOS/Source/CMSIS_RTOS_V2 -I../Middlewares/Third_Party/FreeRTOS/Source/portable/GCC/ARM_CM4F -I../Middlewares/Third_Party/ARM_CMSIS/CMSIS/Core/Include/ -I../Middlewares/Third_Party/ARM_CMSIS/PrivateInclude/ -I../Middlewares/Third_Party/ARM_CMSIS/Include/ -I../Middlewares/Third_Party/ARM_CMSIS/Include -I"/home/b/cleaner_ws/firmware/cleaner_uros/Source/BasicMathFunctions" -I"/home/b/cleaner_ws/firmware/cleaner_uros/Source/BayesFunctions" -I"/home/b/cleaner_ws/firmware/cleaner_uros/Source/CommonTables" -I"/home/b/cleaner_ws/firmware/cleaner_uros/Source/ComplexMathFunctions" -I"/home/b/cleaner_ws/firmware/cleaner_uros/Source/ControllerFunctions" -I"/home/b/cleaner_ws/firmware/cleaner_uros/Source/DistanceFunctions" -I"/home/b/cleaner_ws/firmware/cleaner_uros/Source/FastMathFunctions" -I"/home/b/cleaner_ws/firmware/cleaner_uros/Source/FilteringFunctions" -I"/home/b/cleaner_ws/firmware/cleaner_uros/Source/InterpolationFunctions" -I"/home/b/cleaner_ws/firmware/cleaner_uros/Source/MatrixFunctions" -I"/home/b/cleaner_ws/firmware/cleaner_uros/Source/QuaternionMathFunctions" -I"/home/b/cleaner_ws/firmware/cleaner_uros/Source/StatisticsFunctions" -I"/home/b/cleaner_ws/firmware/cleaner_uros/Source/SupportFunctions" -I"/home/b/cleaner_ws/firmware/cleaner_uros/Source/SVMFunctions" -I"/home/b/cleaner_ws/firmware/cleaner_uros/Source/TransformFunctions" -I"/home/b/cleaner_ws/firmware/cleaner_uros/Source/WindowFunctions" -O0 -ffunction-sections -fdata-sections -Wall -fstack-usage -fcyclomatic-complexity -MMD -MP -MF"Middlewares/Third_Party/ARM_CMSIS/Source/ControllerFunctions/ControllerFunctions.d" -MT"Middlewares/Third_Party/ARM_CMSIS/Source/ControllerFunctions/ControllerFunctions.o" --specs=nano.specs -mfpu=fpv4-sp-d16 -mfloat-abi=hard -mthumb -o "Middlewares/Third_Party/ARM_CMSIS/Source/ControllerFunctions/ControllerFunctions.o"
[...]
  392 | }
      | ^
make[1]: *** [Core/Src/subdir.mk:79: Core/Src/main.o] Error 1
make[1]: *** Waiting for unfinished jobs....
make: *** [makefile:77: all] Error 2
"make -j12 all" terminated with exit code 2. Build might be incomplete.
17:49:05 **** Incremental Build of configuration Debug for project cleaner_uros ****
make -j12 all 
echo "1" | sudo -S docker pull microros/micro_ros_static_library_builder:humble && echo "1" | sudo -S docker run --rm -v /home/b/cleaner_ws/firmware/cleaner_uros:/project --env MICROROS_LIBRARY_FOLDER=micro_ros_stm32cubemx_utils/microros_static_library_ide microros/micro_ros_static_library_builder:humble
humble: Pulling from microros/micro_ros_static_library_builder
Digest: sha256:4bceb86200fcfa7a09b6ad122269d57c2707f9bb82c135854ff381413b5a4c51
Status: Image is up to date for microros/micro_ros_static_library_builder:humble
docker.io/microros/micro_ros_static_library_builder:humble
[sudo] password for b: dos2unix: converting file /project/micro_ros_stm32cubemx_utils/microros_static_library_ide/library_generation/library_generation.sh to Unix format...
micro-ROS library found. Skipping...
Delete micro_ros_stm32cubemx_utils/microros_static_library_ide/libmicroros/ for rebuild.
 
arm-none-eabi-gcc "../Core/Src/main.c" -mcpu=cortex-m4 -std=gnu11 -g3 -DDEBUG -DUSE_HAL_DRIVER -DSTM32G474xx -c -I../Core/Inc -I../micro_ros_stm32cubemx_utils/microros_static_library_ide/libmicroros/include -I../Drivers/STM32G4xx_HAL_Driver/Inc -I../Drivers/STM32G4xx_HAL_Driver/Inc/Legacy -I../Drivers/CMSIS/Device/ST/STM32G4xx/Include -I../Drivers/CMSIS/Include -I../Middlewares/Third_Party/FreeRTOS/Source/include -I../Middlewares/Third_Party/FreeRTOS/Source/CMSIS_RTOS_V2 -I../Middlewares/Third_Party/FreeRTOS/Source/portable/GCC/ARM_CM4F -I../Middlewares/Third_Party/ARM_CMSIS/CMSIS/Core/Include/ -I../Middlewares/Third_Party/ARM_CMSIS/PrivateInclude/ -I../Middlewares/Third_Party/ARM_CMSIS/Include/ -I../Middlewares/Third_Party/ARM_CMSIS/Include -I"/home/b/cleaner_ws/firmware/cleaner_uros/Source/BasicMathFunctions" -I"/home/b/cleaner_ws/firmware/cleaner_uros/Source/BayesFunctions" -I"/home/b/cleaner_ws/firmware/cleaner_uros/Source/CommonTables" -I"/home/b/cleaner_ws/firmware/cleaner_uros/Source/ComplexMathFunctions" -I"/home/b/cleaner_ws/firmware/cleaner_uros/Source/ControllerFunctions" -I"/home/b/cleaner_ws/firmware/cleaner_uros/Source/DistanceFunctions" -I"/home/b/cleaner_ws/firmware/cleaner_uros/Source/FastMathFunctions" -I"/home/b/cleaner_ws/firmware/cleaner_uros/Source/FilteringFunctions" -I"/home/b/cleaner_ws/firmware/cleaner_uros/Source/InterpolationFunctions" -I"/home/b/cleaner_ws/firmware/cleaner_uros/Source/MatrixFunctions" -I"/home/b/cleaner_ws/firmware/cleaner_uros/Source/QuaternionMathFunctions" -I"/home/b/cleaner_ws/firmware/cleaner_uros/Source/StatisticsFunctions" -I"/home/b/cleaner_ws/firmware/cleaner_uros/Source/SupportFunctions" -I"/home/b/cleaner_ws/firmware/cleaner_uros/Source/SVMFunctions" -I"/home/b/cleaner_ws/firmware/cleaner_uros/Source/TransformFunctions" -I"/home/b/cleaner_ws/firmware/cleaner_uros/Source/WindowFunctions" -O0 -ffunction-sections -fdata-sections -Wall -fstack-usage -fcyclomatic-complexity -MMD -MP -MF"Core/Src/main.d" -MT"Core/Src/main.o" --specs=nano.specs -mfpu=fpv4-sp-d16 -mfloat-abi=hard -mthumb -o "Core/Src/main.o"
In file included from ../Core/Src/main.c:47:
../Core/Inc/config.h:58: warning: "MOTOR3_TIM_CH" redefined
   58 | #define MOTOR3_TIM_CH TIM_CHANNEL_4
      | 
../Core/Inc/config.h:50: note: this is the location of the previous definition
   50 | #define MOTOR3_TIM_CH TIM_CHANNEL_3
      | 
../Core/Src/main.c: In function 'read_encoder_data':
../Core/Src/main.c:392:1: warning: control reaches end of non-void function [-Wreturn-type]
  392 | }
      | ^
arm-none-eabi-gcc -o "cleaner_uros.elf" @"objects.list"  -lmicroros -mcpu=cortex-m4 -T"/home/b/cleaner_ws/firmware/cleaner_uros/STM32G474RETX_FLASH.ld" --specs=nosys.specs -Wl,-Map="cleaner_uros.map" -Wl,--gc-sections -static -L../micro_ros_stm32cubemx_utils/microros_static_library_ide/libmicroros --specs=nano.specs -mfpu=fpv4-sp-d16 -mfloat-abi=hard -mthumb -Wl,--start-group -lc -lm -Wl,--end-group
/opt/st/stm32cubeide_1.18.0/plugins/com.st.stm32cube.ide.mcu.externaltools.gnu-tools-for-stm32.13.3.rel1.linux64_1.0.0.202410170706/tools/bin/../lib/gcc/arm-none-eabi/13.3.1/../../../../arm-none-eabi/bin/ld: /opt/st/stm32cubeide_1.18.0/plugins/com.st.stm32cube.ide.mcu.externaltools.gnu-tools-for-stm32.13.3.rel1.linux64_1.0.0.202410170706/tools/bin/../lib/gcc/arm-none-eabi/13.3.1/../../../../arm-none-eabi/lib/thumb/v7e-m+fp/hard/libc_nano.a(libc_a-gettimeofdayr.o): in function `_gettimeofday_r':
(.text._gettimeofday_r+0xe): warning: _gettimeofday is not implemented and will always fail
/opt/st/stm32cubeide_1.18.0/plugins/com.st.stm32cube.ide.mcu.externaltools.gnu-tools-for-stm32.13.3.rel1.linux64_1.0.0.202410170706/tools/bin/../lib/gcc/arm-none-eabi/13.3.1/../../../../arm-none-eabi/bin/ld: /opt/st/stm32cubeide_1.18.0/plugins/com.st.stm32cube.ide.mcu.externaltools.gnu-tools-for-stm32.13.3.rel1.linux64_1.0.0.202410170706/tools/bin/../lib/gcc/arm-none-eabi/13.3.1/../../../../arm-none-eabi/lib/thumb/v7e-m+fp/hard/libc_nano.a(libc_a-gettimeofdayr.o): note: the message above does not take linker garbage collection into account
Finished building target: cleaner_uros.elf
 
arm-none-eabi-size  cleaner_uros.elf 
arm-none-eabi-objdump -h -S cleaner_uros.elf  > "cleaner_uros.list"
   text	   data	    bss	    dec	    hex	filename
 115180	    736	  46368	 162284	  279ec	cleaner_uros.elf
Finished building: default.size.stdout
 
Finished building: cleaner_uros.list
 
15:40:08 **** Incremental Build of configuration Debug for project cleaner_uros ****
make -j12 all 
echo "1" | sudo -S docker pull microros/micro_ros_static_library_builder:humble && echo "1" | sudo -S docker run --rm -v /home/b/cleaner_ws/firmware/cleaner_uros:/project --env MICROROS_LIBRARY_FOLDER=micro_ros_stm32cubemx_utils/microros_static_library_ide microros/micro_ros_static_library_builder:humble
humble: Pulling from microros/micro_ros_static_library_builder
Digest: sha256:4bceb86200fcfa7a09b6ad122269d57c2707f9bb82c135854ff381413b5a4c51
Status: Image is up to date for microros/micro_ros_static_library_builder:humble
docker.io/microros/micro_ros_static_library_builder:humble
[sudo] password for b: dos2unix: converting file /project/micro_ros_stm32cubemx_utils/microros_static_library_ide/library_generation/library_generation.sh to Unix format...
micro-ROS library found. Skipping...
Delete micro_ros_stm32cubemx_utils/microros_static_library_ide/libmicroros/ for rebuild.
 
arm-none-eabi-size  cleaner_uros.elf 
   text	   data	    bss	    dec	    hex	filename
 115180	    736	  46368	 162284	  279ec	cleaner_uros.elf
Finished building: default.size.stdout
 
14:32:02 **** Build of configuration Debug for project cleaner_uros ****
make -j12 all 
echo "1" | sudo -S docker pull microros/micro_ros_static_library_builder:humble && echo "1" | sudo -S docker run --rm -v /home/b/cleaner_ws/firmware/cleaner_uros:/project --env MICROROS_LIBRARY_FOLDER=micro_ros_stm32cubemx_utils/microros_static_library_ide microros/micro_ros_static_library_builder:humble
humble: Pulling from microros/micro_ros_static_library_builder
Digest: sha256:4bceb86200fcfa7a09b6ad122269d57c2707f9bb82c135854ff381413b5a4c51
Status: Image is up to date for microros/micro_ros_static_library_builder:humble
docker.io/microros/micro_ros_static_library_builder:humble
[sudo] password for b: dos2unix: converting file /project/micro_ros_stm32cubemx_utils/microros_static_library_ide/library_generation/library_generation.sh to Unix format...
micro-ROS library found. Skipping...
Delete micro_ros_stm32cubemx_utils/microros_static_library_ide/libmicroros/ for rebuild.
 
arm-none-eabi-gcc "../Core/Src/main.c" -mcpu=cortex-m4 -std=gnu11 -g3 -DDEBUG -DUSE_HAL_DRIVER -DSTM32G474xx -c -I../Core/Inc -I../micro_ros_stm32cubemx_utils/microros_static_library_ide/libmicroros/include -I../Drivers/STM32G4xx_HAL_Driver/Inc -I../Drivers/STM32G4xx_HAL_Driver/Inc/Legacy -I../Drivers/CMSIS/Device/ST/STM32G4xx/Include -I../Drivers/CMSIS/Include -I../Middlewares/Third_Party/FreeRTOS/Source/include -I../Middlewares/Third_Party/FreeRTOS/Source/CMSIS_RTOS_V2 -I../Middlewares/Third_Party/FreeRTOS/Source/portable/GCC/ARM_CM4F -I../Middlewares/Third_Party/ARM_CMSIS/CMSIS/Core/Include/ -I../Middlewares/Third_Party/ARM_CMSIS/PrivateInclude/ -I../Middlewares/Third_Party/ARM_CMSIS/Include/ -I../Middlewares/Third_Party/ARM_CMSIS/Include -I"/home/b/cleaner_ws/firmware/cleaner_uros/Source/BasicMathFunctions" -I"/home/b/cleaner_ws/firmware/cleaner_uros/Source/BayesFunctions" -I"/home/b/cleaner_ws/firmware/cleaner_uros/Source/CommonTables" -I"/home/b/cleaner_ws/firmware/cleaner_uros/Source/ComplexMathFunctions" -I"/home/b/cleaner_ws/firmware/cleaner_uros/Source/ControllerFunctions" -I"/home/b/cleaner_ws/firmware/cleaner_uros/Source/DistanceFunctions" -I"/home/b/cleaner_ws/firmware/cleaner_uros/Source/FastMathFunctions" -I"/home/b/cleaner_ws/firmware/cleaner_uros/Source/FilteringFunctions" -I"/home/b/cleaner_ws/firmware/cleaner_uros/Source/InterpolationFunctions" -I"/home/b/cleaner_ws/firmware/cleaner_uros/Source/MatrixFunctions" -I"/home/b/cleaner_ws/firmware/cleaner_uros/Source/QuaternionMathFunctions" -I"/home/b/cleaner_ws/firmware/cleaner_uros/Source/StatisticsFunctions" -I"/home/b/cleaner_ws/firmware/cleaner_uros/Source/SupportFunctions" -I"/home/b/cleaner_ws/firmware/cleaner_uros/Source/SVMFunctions" -I"/home/b/cleaner_ws/firmware/cleaner_uros/Source/TransformFunctions" -I"/home/b/cleaner_ws/firmware/cleaner_uros/Source/WindowFunctions" -O0 -ffunction-sections -fdata-sections -Wall -fstack-usage -fcyclomatic-complexity -MMD -MP -MF"Core/Src/main.d" -MT"Core/Src/main.o" --specs=nano.specs -mfpu=fpv4-sp-d16 -mfloat-abi=hard -mthumb -o "Core/Src/main.o"
In file included from ../Core/Src/main.c:47:
../Core/Inc/config.h:58: warning: "MOTOR3_TIM_CH" redefined
   58 | #define MOTOR3_TIM_CH TIM_CHANNEL_4
      | 
../Core/Inc/config.h:50: note: this is the location of the previous definition
   50 | #define MOTOR3_TIM_CH TIM_CHANNEL_3
      | 
../Core/Src/main.c: In function 'read_encoder_data':
../Core/Src/main.c:393:1: warning: control reaches end of non-void function [-Wreturn-type]
  393 | }
      | ^
arm-none-eabi-gcc -o "cleaner_uros.elf" @"objects.list"  -lmicroros -mcpu=cortex-m4 -T"/home/b/cleaner_ws/firmware/cleaner_uros/STM32G474RETX_FLASH.ld" --specs=nosys.specs -Wl,-Map="cleaner_uros.map" -Wl,--gc-sections -static -L../micro_ros_stm32cubemx_utils/microros_static_library_ide/libmicroros --specs=nano.specs -mfpu=fpv4-sp-d16 -mfloat-abi=hard -mthumb -Wl,--start-group -lc -lm -Wl,--end-group
/opt/st/stm32cubeide_1.18.0/plugins/com.st.stm32cube.ide.mcu.externaltools.gnu-tools-for-stm32.13.3.rel1.linux64_1.0.0.202410170706/tools/bin/../lib/gcc/arm-none-eabi/13.3.1/../../../../arm-none-eabi/bin/ld: /opt/st/stm32cubeide_1.18.0/plugins/com.st.stm32cube.ide.mcu.externaltools.gnu-tools-for-stm32.13.3.rel1.linux64_1.0.0.202410170706/tools/bin/../lib/gcc/arm-none-eabi/13.3.1/../../../../arm-none-eabi/lib/thumb/v7e-m+fp/hard/libc_nano.a(libc_a-gettimeofdayr.o): in function `_gettimeofday_r':
(.text._gettimeofday_r+0xe): warning: _gettimeofday is not implemented and will always fail
/opt/st/stm32cubeide_1.18.0/plugins/com.st.stm32cube.ide.mcu.externaltools.gnu-tools-for-stm32.13.3.rel1.linux64_1.0.0.202410170706/tools/bin/../lib/gcc/arm-none-eabi/13.3.1/../../../../arm-none-eabi/bin/ld: /opt/st/stm32cubeide_1.18.0/plugins/com.st.stm32cube.ide.mcu.externaltools.gnu-tools-for-stm32.13.3.rel1.linux64_1.0.0.202410170706/tools/bin/../lib/gcc/arm-none-eabi/13.3.1/../../../../arm-none-eabi/lib/thumb/v7e-m+fp/hard/libc_nano.a(libc_a-gettimeofdayr.o): note: the message above does not take linker garbage collection into account
Finished building target: cleaner_uros.elf
 
arm-none-eabi-size  cleaner_uros.elf 
arm-none-eabi-objdump -h -S cleaner_uros.elf  > "cleaner_uros.list"
   text	   data	    bss	    dec	    hex	filename
 115180	    736	  46368	 162284	  279ec	cleaner_uros.elf
Finished building: default.size.stdout
 
Finished building: cleaner_uros.list
 
14:45:19 **** Incremental Build of configuration Debug for project cleaner_uros ****
make -j12 all 
echo "1" | sudo -S docker pull microros/micro_ros_static_library_builder:humble && echo "1" | sudo -S docker run --rm -v /home/b/cleaner_ws/firmware/cleaner_uros:/project --env MICROROS_LIBRARY_FOLDER=micro_ros_stm32cubemx_utils/microros_static_library_ide microros/micro_ros_static_library_builder:humble
humble: Pulling from microros/micro_ros_static_library_builder
Digest: sha256:4bceb86200fcfa7a09b6ad122269d57c2707f9bb82c135854ff381413b5a4c51
Status: Image is up to date for microros/micro_ros_static_library_builder:humble
docker.io/microros/micro_ros_static_library_builder:humble
[sudo] password for b: dos2unix: converting file /project/micro_ros_stm32cubemx_utils/microros_static_library_ide/library_generation/library_generation.sh to Unix format...
micro-ROS library found. Skipping...
Delete micro_ros_stm32cubemx_utils/microros_static_library_ide/libmicroros/ for rebuild.
 
arm-none-eabi-gcc "../Core/Src/main.c" -mcpu=cortex-m4 -std=gnu11 -g3 -DDEBUG -DUSE_HAL_DRIVER -DSTM32G474xx -c -I../Core/Inc -I../micro_ros_stm32cubemx_utils/microros_static_library_ide/libmicroros/include -I../Drivers/STM32G4xx_HAL_Driver/Inc -I../Drivers/STM32G4xx_HAL_Driver/Inc/Legacy -I../Drivers/CMSIS/Device/ST/STM32G4xx/Include -I../Drivers/CMSIS/Include -I../Middlewares/Third_Party/FreeRTOS/Source/include -I../Middlewares/Third_Party/FreeRTOS/Source/CMSIS_RTOS_V2 -I../Middlewares/Third_Party/FreeRTOS/Source/portable/GCC/ARM_CM4F -I../Middlewares/Third_Party/ARM_CMSIS/CMSIS/Core/Include/ -I../Middlewares/Third_Party/ARM_CMSIS/PrivateInclude/ -I../Middlewares/Third_Party/ARM_CMSIS/Include/ -I../Middlewares/Third_Party/ARM_CMSIS/Include -I"/home/b/cleaner_ws/firmware/cleaner_uros/Source/BasicMathFunctions" -I"/home/b/cleaner_ws/firmware/cleaner_uros/Source/BayesFunctions" -I"/home/b/cleaner_ws/firmware/cleaner_uros/Source/CommonTables" -I"/home/b/cleaner_ws/firmware/cleaner_uros/Source/ComplexMathFunctions" -I"/home/b/cleaner_ws/firmware/cleaner_uros/Source/ControllerFunctions" -I"/home/b/cleaner_ws/firmware/cleaner_uros/Source/DistanceFunctions" -I"/home/b/cleaner_ws/firmware/cleaner_uros/Source/FastMathFunctions" -I"/home/b/cleaner_ws/firmware/cleaner_uros/Source/FilteringFunctions" -I"/home/b/cleaner_ws/firmware/cleaner_uros/Source/InterpolationFunctions" -I"/home/b/cleaner_ws/firmware/cleaner_uros/Source/MatrixFunctions" -I"/home/b/cleaner_ws/firmware/cleaner_uros/Source/QuaternionMathFunctions" -I"/home/b/cleaner_ws/firmware/cleaner_uros/Source/StatisticsFunctions" -I"/home/b/cleaner_ws/firmware/cleaner_uros/Source/SupportFunctions" -I"/home/b/cleaner_ws/firmware/cleaner_uros/Source/SVMFunctions" -I"/home/b/cleaner_ws/firmware/cleaner_uros/Source/TransformFunctions" -I"/home/b/cleaner_ws/firmware/cleaner_uros/Source/WindowFunctions" -O0 -ffunction-sections -fdata-sections -Wall -fstack-usage -fcyclomatic-complexity -MMD -MP -MF"Core/Src/main.d" -MT"Core/Src/main.o" --specs=nano.specs -mfpu=fpv4-sp-d16 -mfloat-abi=hard -mthumb -o "Core/Src/main.o"
In file included from ../Core/Src/main.c:47:
../Core/Inc/config.h:58: warning: "MOTOR3_TIM_CH" redefined
   58 | #define MOTOR3_TIM_CH TIM_CHANNEL_4
      | 
../Core/Inc/config.h:50: note: this is the location of the previous definition
   50 | #define MOTOR3_TIM_CH TIM_CHANNEL_3
      | 
../Core/Src/main.c: In function 'read_encoder_data':
../Core/Src/main.c:393:1: warning: control reaches end of non-void function [-Wreturn-type]
  393 | }
      | ^
arm-none-eabi-gcc -o "cleaner_uros.elf" @"objects.list"  -lmicroros -mcpu=cortex-m4 -T"/home/b/cleaner_ws/firmware/cleaner_uros/STM32G474RETX_FLASH.ld" --specs=nosys.specs -Wl,-Map="cleaner_uros.map" -Wl,--gc-sections -static -L../micro_ros_stm32cubemx_utils/microros_static_library_ide/libmicroros --specs=nano.specs -mfpu=fpv4-sp-d16 -mfloat-abi=hard -mthumb -Wl,--start-group -lc -lm -Wl,--end-group
/opt/st/stm32cubeide_1.18.0/plugins/com.st.stm32cube.ide.mcu.externaltools.gnu-tools-for-stm32.13.3.rel1.linux64_1.0.0.202410170706/tools/bin/../lib/gcc/arm-none-eabi/13.3.1/../../../../arm-none-eabi/bin/ld: /opt/st/stm32cubeide_1.18.0/plugins/com.st.stm32cube.ide.mcu.externaltools.gnu-tools-for-stm32.13.3.rel1.linux64_1.0.0.202410170706/tools/bin/../lib/gcc/arm-none-eabi/13.3.1/../../../../arm-none-eabi/lib/thumb/v7e-m+fp/hard/libc_nano.a(libc_a-gettimeofdayr.o): in function `_gettimeofday_r':
(.text._gettimeofday_r+0xe): warning: _gettimeofday is not implemented and will always fail
/opt/st/stm32cubeide_1.18.0/plugins/com.st.stm32cube.ide.mcu.externaltools.gnu-tools-for-stm32.13.3.rel1.linux64_1.0.0.202410170706/tools/bin/../lib/gcc/arm-none-eabi/13.3.1/../../../../arm-none-eabi/bin/ld: /opt/st/stm32cubeide_1.18.0/plugins/com.st.stm32cube.ide.mcu.externaltools.gnu-tools-for-stm32.13.3.rel1.linux64_1.0.0.202410170706/tools/bin/../lib/gcc/arm-none-eabi/13.3.1/../../../../arm-none-eabi/lib/thumb/v7e-m+fp/hard/libc_nano.a(libc_a-gettimeofdayr.o): note: the message above does not take linker garbage collection into account
Finished building target: cleaner_uros.elf
 
arm-none-eabi-size  cleaner_uros.elf 
arm-none-eabi-objdump -h -S cleaner_uros.elf  > "cleaner_uros.list"
   text	   data	    bss	    dec	    hex	filename
 115180	    736	  46368	 162284	  279ec	cleaner_uros.elf
Finished building: default.size.stdout
 
Finished building: cleaner_uros.list
 
14:46:40 **** Incremental Build of configuration Debug for project cleaner_uros ****
make -j12 all 
echo "1" | sudo -S docker pull microros/micro_ros_static_library_builder:humble && echo "1" | sudo -S docker run --rm -v /home/b/cleaner_ws/firmware/cleaner_uros:/project --env MICROROS_LIBRARY_FOLDER=micro_ros_stm32cubemx_utils/microros_static_library_ide microros/micro_ros_static_library_builder:humble
humble: Pulling from microros/micro_ros_static_library_builder
Digest: sha256:4bceb86200fcfa7a09b6ad122269d57c2707f9bb82c135854ff381413b5a4c51
Status: Image is up to date for microros/micro_ros_static_library_builder:humble
docker.io/microros/micro_ros_static_library_builder:humble
[sudo] password for b: dos2unix: converting file /project/micro_ros_stm32cubemx_utils/microros_static_library_ide/library_generation/library_generation.sh to Unix format...
micro-ROS library found. Skipping...
Delete micro_ros_stm32cubemx_utils/microros_static_library_ide/libmicroros/ for rebuild.
 
arm-none-eabi-size  cleaner_uros.elf 
   text	   data	    bss	    dec	    hex	filename
 115180	    736	  46368	 162284	  279ec	cleaner_uros.elf
Finished building: default.size.stdout
 
14:47:24 **** Incremental Build of configuration Debug for project cleaner_uros ****
make -j12 all 
echo "1" | sudo -S docker pull microros/micro_ros_static_library_builder:humble && echo "1" | sudo -S docker run --rm -v /home/b/cleaner_ws/firmware/cleaner_uros:/project --env MICROROS_LIBRARY_FOLDER=micro_ros_stm32cubemx_utils/microros_static_library_ide microros/micro_ros_static_library_builder:humble
humble: Pulling from microros/micro_ros_static_library_builder
Digest: sha256:4bceb86200fcfa7a09b6ad122269d57c2707f9bb82c135854ff381413b5a4c51
Status: Image is up to date for microros/micro_ros_static_library_builder:humble
docker.io/microros/micro_ros_static_library_builder:humble
[sudo] password for b: dos2unix: converting file /project/micro_ros_stm32cubemx_utils/microros_static_library_ide/library_generation/library_generation.sh to Unix format...
micro-ROS library found. Skipping...
Delete micro_ros_stm32cubemx_utils/microros_static_library_ide/libmicroros/ for rebuild.
 
arm-none-eabi-size  cleaner_uros.elf 
   text	   data	    bss	    dec	    hex	filename
 115180	    736	  46368	 162284	  279ec	cleaner_uros.elf
Finished building: default.size.stdout
 
